ninja: Entering directory `D:\code\DecodePlayControl-master\entry\.cxx\default\default\debug\x86_64'
[1/9] Building CXX object CMakeFiles/player.dir/capabilities/src/AudioDecoder.cpp.o
clang++: warning: argument unused during compilation: '--gcc-toolchain=D:/2/DevEco Studio/sdk/default/hms/native/BiSheng' [-Wunused-command-line-argument]
[2/9] Building CXX object CMakeFiles/player.dir/capabilities/src/VideoDecoder.cpp.o
clang++: warning: argument unused during compilation: '--gcc-toolchain=D:/2/DevEco Studio/sdk/default/hms/native/BiSheng' [-Wunused-command-line-argument]
[3/9] Building CXX object CMakeFiles/player.dir/capabilities/src/Demuxer.cpp.o
clang++: warning: argument unused during compilation: '--gcc-toolchain=D:/2/DevEco Studio/sdk/default/hms/native/BiSheng' [-Wunused-command-line-argument]
[4/9] Building CXX object CMakeFiles/player.dir/render/src/XComponentManager.cpp.o
clang++: warning: argument unused during compilation: '--gcc-toolchain=D:/2/DevEco Studio/sdk/default/hms/native/BiSheng' [-Wunused-command-line-argument]
D:/code/DecodePlayControl-master/entry/src/main/cpp/render/src/XComponentManager.cpp:33:13: warning: deleting pointer to incomplete type 'OH_NativeXComponent' may cause undefined behavior [-Wdelete-incomplete]
            delete *iter;
            ^      ~~~~~
D:/2/DevEco Studio/sdk/default/openharmony/native/sysroot/usr/include/ace/xcomponent/native_interface_xcomponent.h:344:16: note: forward declaration of 'OH_NativeXComponent'
typedef struct OH_NativeXComponent OH_NativeXComponent;
               ^
D:/code/DecodePlayControl-master/entry/src/main/cpp/render/src/XComponentManager.cpp:42:9: warning: deleting pointer to incomplete type 'OHNativeWindow' (aka 'NativeWindow') may cause undefined behavior [-Wdelete-incomplete]
        delete nativeWindow_;
        ^      ~~~~~~~~~~~~~
D:/2/DevEco Studio/sdk/default/openharmony/native/sysroot/usr/include/ace/xcomponent/native_interface_xcomponent.h:1216:16: note: forward declaration of 'NativeWindow'
typedef struct NativeWindow OHNativeWindow;
               ^
2 warnings generated.
[5/9] Building CXX object CMakeFiles/player.dir/capabilities/src/CodecCallback.cpp.o
clang++: warning: argument unused during compilation: '--gcc-toolchain=D:/2/DevEco Studio/sdk/default/hms/native/BiSheng' [-Wunused-command-line-argument]
[6/9] Building CXX object CMakeFiles/player.dir/render/src/XComponentRender.cpp.o
clang++: warning: argument unused during compilation: '--gcc-toolchain=D:/2/DevEco Studio/sdk/default/hms/native/BiSheng' [-Wunused-command-line-argument]
[7/9] Building CXX object CMakeFiles/player.dir/player/src/PlayerNative.cpp.o
clang++: warning: argument unused during compilation: '--gcc-toolchain=D:/2/DevEco Studio/sdk/default/hms/native/BiSheng' [-Wunused-command-line-argument]
[8/9] Building CXX object CMakeFiles/player.dir/player/src/Player.cpp.o
clang++: warning: argument unused during compilation: '--gcc-toolchain=D:/2/DevEco Studio/sdk/default/hms/native/BiSheng' [-Wunused-command-line-argument]
[9/9] Linking CXX shared library D:\code\DecodePlayControl-master\entry\build\default\intermediates\cmake\default\obj\x86_64\libplayer.so
