[2026-04-14T18:10:34.491] [DEBUG] debug-file - env: nodejsVersion=v18.20.1
[2026-04-14T18:10:35.159] [DEBUG] debug-file - Hvigor init with startParameters:{
  hvigorfileTypeCheck: false,
  parallelExecution: true,
  incrementalExecution: true,
  printStackTrace: false,
  daemon: false,
  analyze: 0,
  logLevel: Level { level: 20000, levelStr: 'INFO', colour: 'green' },
  optimizationStrategy: 'memory',
  hotCompile: undefined,
  hotReloadBuild: undefined,
  customizedParam: undefined
}
[2026-04-14T18:10:38.434] [DEBUG] debug-file - hvigorfile, require result:  { default: { system: [Function: appTasks], plugins: [] } }
[2026-04-14T18:10:38.437] [DEBUG] debug-file - Starting plugin build process
[2026-04-14T18:10:38.698] [DEBUG] debug-file - App plugin register hook start...
[2026-04-14T18:10:38.744] [DEBUG] debug-file - Start recording SDK configuration permission data.
[2026-04-14T18:10:38.707] [DEBUG] debug-file - Obtain build option for product 'default'in this build.
[2026-04-14T18:10:38.701] [DEBUG] debug-file - Start initialize project's product build option map with build mode debug.
[2026-04-14T18:10:38.803] [DEBUG] debug-file - Project task initialization takes 9 ms 
[2026-04-14T18:10:38.817] [DEBUG] debug-file - failed to load cangjie to dynamically generate schemas: Error: Cannot find module '@ohos/cangjie-build-support/index'
Require stack:
- D:\2\DevEco Studio\tools\hvigor\hvigor-ohos-plugin\src\plugin\hooks\cangjie-register.js
- D:\2\DevEco Studio\tools\hvigor\hvigor-ohos-plugin\src\plugin\strategy\stage-init-strategy.js
- D:\2\DevEco Studio\tools\hvigor\hvigor-ohos-plugin\src\plugin\builder\abstract-plugin-builder.js
- D:\2\DevEco Studio\tools\hvigor\hvigor-ohos-plugin\src\plugin\builder\app-plugin-builder.js
- D:\2\DevEco Studio\tools\hvigor\hvigor-ohos-plugin\src\plugin\factory\plugin-factory.js
- D:\2\DevEco Studio\tools\hvigor\hvigor-ohos-plugin\index.js
- D:\code\LED-master\4_AI\4_Complete\hvigorfile.ts
- D:\2\DevEco Studio\tools\hvigor\hvigor\src\base\internal\lifecycle\configuration.js
- D:\2\DevEco Studio\tools\hvigor\hvigor\src\base\boot\index.js
- D:\2\DevEco Studio\tools\hvigor\hvigor\src\cli\main\cli.js
- D:\2\DevEco Studio\tools\hvigor\hvigor\bin\hvigor.js
[2026-04-14T18:10:38.840] [DEBUG] debug-file - Start initialize module-target build option map, moduleName=entry, buildMode=debug
[2026-04-14T18:10:38.853] [DEBUG] debug-file - project has submodules:entry
[2026-04-14T18:10:34.494] [DEBUG] debug-file - env: hvigor-config.json5 content = {
  modelVersion: '6.0.0',
  dependencies: {},
  execution: {},
  logging: {},
  debugging: {},
  nodeOptions: {}
}
[2026-04-14T18:10:38.856] [DEBUG] debug-file - start to load updatedOhPackageInfo to the disk
[2026-04-14T18:10:38.868] [DEBUG] debug-file - Start to initialize dependency information.
[2026-04-14T18:10:38.880] [DEBUG] debug-file - entry : clean cost memory 0.11151123046875
[2026-04-14T18:10:38.912] [DEBUG] debug-file - Create  resident worker with id: 0.
[2026-04-14T18:10:35.160] [DEBUG] debug-file - Since current hvigor version 6.22.4 differs from last hvigor version 
      undefined, delete file-cache.json and task-cache.json.
[2026-04-14T18:10:38.435] [DEBUG] debug-file - hvigorfile, binding system plugins [Function: appTasks]
[2026-04-14T18:10:38.437] [DEBUG] debug-file - App plugin prepare start...
[2026-04-14T18:10:38.699] [DEBUG] debug-file - App plugin register hook end...
[2026-04-14T18:10:38.792] [DEBUG] debug-file - Sdk init in 74 ms 
[2026-04-14T18:10:38.709] [DEBUG] debug-file - not found resModel json file in : D:\code\LED-master\4_AI\4_Complete\entry\src\ohosTest\module.json5
[2026-04-14T18:10:38.701] [DEBUG] debug-file - Picking option from product 'default' with build mode 'debug'.
[2026-04-14T18:10:38.803] [DEBUG] debug-file - hvigorfile, binding custom plugins []
[2026-04-14T18:10:38.840] [DEBUG] debug-file - Target 'default' config initialized
[2026-04-14T18:10:34.497] [DEBUG] debug-file - env: daemon=false
[2026-04-14T18:10:38.862] [DEBUG] debug-file - load to the disk finished
[2026-04-14T18:10:38.871] [DEBUG] debug-file - Module entry Collected Dependency: 
[2026-04-14T18:10:38.880] [DEBUG] debug-file - runTaskFromQueue task cost before running: 3 s 736 ms 
[2026-04-14T18:10:38.915] [DEBUG] debug-file - Create  resident worker with id: 1.
[2026-04-14T18:10:35.160] [DEBUG] debug-file - Cache service initialization finished in 1 ms 
[2026-04-14T18:10:38.437] [DEBUG] debug-file - App plugin prepare end...
[2026-04-14T18:10:38.699] [DEBUG] debug-file - Plugin build process completed
[2026-04-14T18:10:38.717] [DEBUG] debug-file - No signingConfig found, initRemoteHspCache failed.
[2026-04-14T18:10:38.702] [DEBUG] debug-file - Product 'default' build option initialized
[2026-04-14T18:10:38.803] [DEBUG] debug-file - hvigorfile, no custom plugins were found in D:\code\LED-master\4_AI\4_Complete\hvigorfile.ts
[2026-04-14T18:10:38.841] [DEBUG] debug-file - Target 'ohosTest' config initialized
[2026-04-14T18:10:34.497] [DEBUG] debug-file - no-daemon, use the parent process.execArgv --max-old-space-size=8192,--max-semi-space-size=16,--expose-gc
[2026-04-14T18:10:38.863] [DEBUG] debug-file - Start to initialize dependency information.
[2026-04-14T18:10:38.871] [DEBUG] debug-file - Module entry's total dependency: 0
[2026-04-14T18:10:38.882] [INFO] debug-file - Finished :entry:clean... after 3 ms 
[2026-04-14T18:10:38.918] [DEBUG] debug-file - Current worker pool is stopped or closed.
[2026-04-14T18:10:35.163] [DEBUG] debug-file - hvigorfile, resolving D:\code\LED-master\4_AI\4_Complete\hvigorfile.ts
[2026-04-14T18:10:38.437] [DEBUG] debug-file - App plugin creating...
[2026-04-14T18:10:38.720] [DEBUG] debug-file - Local scan or download HarmonyOS sdk components toolchains,ets,js,native,previewer
[2026-04-14T18:10:38.702] [DEBUG] debug-file - End initialize project's product build option map with build mode 'debug'.
[2026-04-14T18:10:38.803] [DEBUG] debug-file - hvigorfile, resolve finished D:\code\LED-master\4_AI\4_Complete\hvigorfile.ts
[2026-04-14T18:10:38.841] [DEBUG] debug-file - Module 'entry' target 'default' build option initialized
[2026-04-14T18:10:38.865] [DEBUG] debug-file - Module 4_Complete Collected Dependency: 
[2026-04-14T18:10:38.874] [DEBUG] debug-file - Configuration phase cost:3 s 714 ms 
[2026-04-14T18:10:38.882] [DEBUG] debug-file - Executing task ::clean
[2026-04-14T18:10:38.919] [DEBUG] debug-file - Clear worker 0.
[2026-04-14T18:10:38.738] [DEBUG] debug-file - Local scan or download hmscore sdk components toolchains,ets,native
[2026-04-14T18:10:38.804] [DEBUG] debug-file - hvigorfile, resolving D:\code\LED-master\4_AI\4_Complete\entry\hvigorfile.ts
[2026-04-14T18:10:38.841] [DEBUG] debug-file - Module 'entry' target 'ohosTest' build option initialized
[2026-04-14T18:10:38.865] [DEBUG] debug-file - Module 4_Complete's total dependency: 0
[2026-04-14T18:10:38.877] [DEBUG] debug-file - Configuration task cost before running: 3 s 734 ms 
[2026-04-14T18:10:38.882] [DEBUG] debug-file - clean: Worker pool is inactive.
[2026-04-14T18:10:38.919] [DEBUG] debug-file - Worker 0 has been cleared.
[2026-04-14T18:10:38.814] [DEBUG] debug-file - hvigorfile, require result:  { default: { system: [Function: hapTasks], plugins: [] } }
[2026-04-14T18:10:38.841] [DEBUG] debug-file - End initialize module-target build option map, moduleName=entry
[2026-04-14T18:10:38.878] [DEBUG] debug-file - Executing task :entry:clean
[2026-04-14T18:10:38.882] [DEBUG] debug-file - 4_Complete : clean cost memory 0.02007293701171875
[2026-04-14T18:10:38.919] [DEBUG] debug-file - Current idle worker size: 1.
[2026-04-14T18:10:38.814] [DEBUG] debug-file - hvigorfile, binding system plugins [Function: hapTasks]
[2026-04-14T18:10:38.841] [DEBUG] debug-file - Start initialize module-target build option map, moduleName=entry, buildMode=release
[2026-04-14T18:10:38.878] [DEBUG] debug-file - clean: Worker pool is inactive.
[2026-04-14T18:10:38.882] [DEBUG] debug-file - runTaskFromQueue task cost before running: 3 s 738 ms 
[2026-04-14T18:10:38.919] [DEBUG] debug-file - Current busy worker size: 0.
[2026-04-14T18:10:38.841] [DEBUG] debug-file - Target 'default' config initialized
[2026-04-14T18:10:38.883] [INFO] debug-file - Finished ::clean... after 1 ms 
[2026-04-14T18:10:38.814] [DEBUG] debug-file - Starting plugin build process
[2026-04-14T18:10:38.919] [DEBUG] debug-file - Clear worker 1.
[2026-04-14T18:10:38.842] [DEBUG] debug-file - Target 'ohosTest' config initialized
[2026-04-14T18:10:38.883] [DEBUG] debug-file - Executing task :entry:init
[2026-04-14T18:10:38.814] [DEBUG] debug-file - Hap plugin creating...
[2026-04-14T18:10:38.919] [DEBUG] debug-file - Worker 1 has been cleared.
[2026-04-14T18:10:38.842] [DEBUG] debug-file - Module 'entry' target 'default' build option initialized
[2026-04-14T18:10:38.883] [DEBUG] debug-file - entry : init cost memory 0.01263427734375
[2026-04-14T18:10:38.919] [DEBUG] debug-file - Current idle worker size: 0.
[2026-04-14T18:10:38.842] [DEBUG] debug-file - Module 'entry' target 'ohosTest' build option initialized
[2026-04-14T18:10:38.883] [DEBUG] debug-file - runTaskFromQueue task cost before running: 3 s 740 ms 
[2026-04-14T18:10:38.919] [DEBUG] debug-file - Current busy worker size: 0.
[2026-04-14T18:10:38.842] [DEBUG] debug-file - End initialize module-target build option map, moduleName=entry
[2026-04-14T18:10:38.884] [INFO] debug-file - Finished :entry:init... after 1 ms 
[2026-04-14T18:10:38.920] [DEBUG] debug-file - hvigor build process will be closed.
[2026-04-14T18:10:38.842] [DEBUG] debug-file - Start initialize module-target build option map, moduleName=entry, buildMode=debug
[2026-04-14T18:10:38.884] [DEBUG] debug-file - Executing task ::init
[2026-04-14T18:10:38.926] [DEBUG] debug-file - worker[0] exits with exit code 0.
[2026-04-14T18:10:38.842] [DEBUG] debug-file - Target 'default' config initialized
[2026-04-14T18:10:38.884] [DEBUG] debug-file - 4_Complete : init cost memory 0.01141357421875
[2026-04-14T18:10:38.927] [DEBUG] debug-file - worker[1] exits with exit code 0.
[2026-04-14T18:10:38.843] [DEBUG] debug-file - Target 'ohosTest' config initialized
[2026-04-14T18:10:38.884] [DEBUG] debug-file - runTaskFromQueue task cost before running: 3 s 740 ms 
[2026-04-14T18:10:38.930] [DEBUG] debug-file - Current worker pool is terminated.
[2026-04-14T18:10:38.843] [DEBUG] debug-file - Module 'entry' target 'default' build option initialized
[2026-04-14T18:10:38.884] [INFO] debug-file - Finished ::init... after 1 ms 
[2026-04-14T18:10:38.843] [DEBUG] debug-file - Module 'entry' target 'ohosTest' build option initialized
[2026-04-14T18:10:38.895] [DEBUG] debug-file - Obtain build option for module 'entry' target 'default'in this build.
[2026-04-14T18:10:38.843] [DEBUG] debug-file - End initialize module-target build option map, moduleName=entry
[2026-04-14T18:10:38.895] [DEBUG] debug-file - Obtain build option for module 'entry' target 'ohosTest'in this build.
[2026-04-14T18:10:38.843] [DEBUG] debug-file - Obtain build option for module 'entry' target 'default'in this build.
[2026-04-14T18:10:38.908] [DEBUG] debug-file - Since there is no instance or instance is terminated, create a new worker pool.
[2026-04-14T18:10:38.850] [DEBUG] debug-file - Module entry task initialization takes 6 ms 
[2026-04-14T18:10:38.908] [DEBUG] debug-file - Worker pool is initialized with config:  {
  minPoolNum: 2,
  maxPoolNum: undefined,
  maxCoreSize: undefined,
  cacheCapacity: undefined,
  cacheTtl: undefined
}
[2026-04-14T18:10:38.850] [DEBUG] debug-file - Hap plugin register hook start...
[2026-04-14T18:10:38.850] [DEBUG] debug-file - Hap plugin register hook end...
[2026-04-14T18:10:38.850] [DEBUG] debug-file - Plugin build process completed
[2026-04-14T18:10:38.850] [DEBUG] debug-file - hvigorfile, binding custom plugins []
[2026-04-14T18:10:38.850] [DEBUG] debug-file - hvigorfile, no custom plugins were found in D:\code\LED-master\4_AI\4_Complete\entry\hvigorfile.ts
[2026-04-14T18:10:38.850] [DEBUG] debug-file - hvigorfile, resolve finished D:\code\LED-master\4_AI\4_Complete\entry\hvigorfile.ts
[2026-04-14T19:09:44.616] [DEBUG] debug-file - env: nodejsVersion=v18.20.1
[2026-04-14T19:09:44.658] [DEBUG] debug-file - env: daemon=true
[2026-04-14T19:09:44.617] [DEBUG] debug-file - env: hvigor-config.json5 content = {
  modelVersion: '6.0.0',
  dependencies: {},
  execution: {},
  logging: {},
  debugging: {},
  nodeOptions: {}
}
[2026-04-14T19:09:45.177] [DEBUG] debug-file - java daemon tryConnect failed Error: connect ECONNREFUSED 127.0.0.1:45050
[2026-04-14T19:09:45.186] [DEBUG] debug-file - java daemon started at port 45050 pid 24308
[2026-04-14T19:09:45.202] [DEBUG] debug-file - session manager: set active socket. socketId=DYXknx_yQs6oi5ZbAAAB
[2026-04-14T19:09:45.717] [DEBUG] debug-file - watch worker: worker id should be larger than 0. Nothing will be sent to any worker thread.
[2026-04-14T19:09:45.720] [DEBUG] debug-file - Since there is no instance or instance is terminated, create a new worker pool.
[2026-04-14T19:09:45.721] [DEBUG] debug-file - Worker pool is initialized with config:  {
  minPoolNum: 2,
  maxPoolNum: undefined,
  maxCoreSize: undefined,
  cacheCapacity: undefined,
  cacheTtl: undefined
}
[2026-04-14T19:09:45.721] [DEBUG] debug-file - Create  resident worker with id: 0.
[2026-04-14T19:09:45.723] [DEBUG] debug-file - Create  resident worker with id: 1.
[2026-04-14T19:09:45.724] [DEBUG] debug-file - Workers' log level updated to INFO
[2026-04-14T19:09:45.728] [DEBUG] debug-file - Hvigor init with startParameters:{
  hvigorfileTypeCheck: false,
  parallelExecution: true,
  incrementalExecution: true,
  printStackTrace: false,
  daemon: true,
  analyze: 0,
  logLevel: Level { level: 20000, levelStr: 'INFO', colour: 'green' },
  optimizationStrategy: 'memory',
  hotCompile: undefined,
  hotReloadBuild: undefined,
  customizedParam: undefined
}
[2026-04-14T19:09:45.729] [DEBUG] debug-file - Cache service initialization finished in 1 ms 
[2026-04-14T19:09:45.730] [DEBUG] debug-file - hvigorfile, resolving D:\code\LED-master\4_AI\4_Complete\hvigorfile.ts
[2026-04-14T19:09:46.939] [DEBUG] debug-file - hvigorfile, require result:  { default: { plugins: [] } }
[2026-04-14T19:09:46.939] [DEBUG] debug-file - hvigorfile, binding system plugins null
[2026-04-14T19:09:46.940] [DEBUG] debug-file - Starting plugin build process
[2026-04-14T19:09:46.940] [DEBUG] debug-file - App plugin prepare start...
[2026-04-14T19:09:46.940] [DEBUG] debug-file - App plugin prepare end...
[2026-04-14T19:09:46.940] [DEBUG] debug-file - App plugin creating...
[2026-04-14T19:09:47.061] [DEBUG] debug-file - App plugin register hook start...
[2026-04-14T19:09:47.062] [DEBUG] debug-file - App plugin register hook end...
[2026-04-14T19:09:47.062] [DEBUG] debug-file - Plugin build process completed
[2026-04-14T19:09:47.062] [DEBUG] debug-file - Start initialize project's product build option map with build mode debug.
[2026-04-14T19:09:47.062] [DEBUG] debug-file - Picking option from product 'default' with build mode 'debug'.
[2026-04-14T19:09:47.063] [DEBUG] debug-file - Product 'default' build option initialized
[2026-04-14T19:09:47.063] [DEBUG] debug-file - End initialize project's product build option map with build mode 'debug'.
[2026-04-14T19:09:47.064] [DEBUG] debug-file - Obtain build option for product 'default'in this build.
[2026-04-14T19:09:47.066] [DEBUG] debug-file - not found resModel json file in : D:\code\LED-master\4_AI\4_Complete\entry\src\ohosTest\module.json5
[2026-04-14T19:09:47.069] [DEBUG] debug-file - No signingConfig found, initRemoteHspCache failed.
[2026-04-14T19:09:47.071] [DEBUG] debug-file - Local scan or download HarmonyOS sdk components toolchains,ets,js,native,previewer
[2026-04-14T19:09:47.073] [DEBUG] debug-file - Local scan or download hmscore sdk components toolchains,ets,native
[2026-04-14T19:09:47.074] [DEBUG] debug-file - Start recording SDK configuration permission data.
[2026-04-14T19:09:47.095] [DEBUG] debug-file - Sdk init in 25 ms 
[2026-04-14T19:09:47.099] [DEBUG] debug-file - Project task initialization takes 3 ms 
[2026-04-14T19:09:47.099] [DEBUG] debug-file - hvigorfile, binding custom plugins []
[2026-04-14T19:09:47.099] [DEBUG] debug-file - hvigorfile, no custom plugins were found in D:\code\LED-master\4_AI\4_Complete\hvigorfile.ts
[2026-04-14T19:09:47.099] [DEBUG] debug-file - hvigorfile, resolve finished D:\code\LED-master\4_AI\4_Complete\hvigorfile.ts
[2026-04-14T19:09:47.100] [DEBUG] debug-file - hvigorfile, resolving D:\code\LED-master\4_AI\4_Complete\entry\hvigorfile.ts
[2026-04-14T19:09:47.104] [DEBUG] debug-file - hvigorfile, require result:  { default: { plugins: [] } }
[2026-04-14T19:09:47.104] [DEBUG] debug-file - hvigorfile, binding system plugins null
[2026-04-14T19:09:47.104] [DEBUG] debug-file - Starting plugin build process
[2026-04-14T19:09:47.104] [DEBUG] debug-file - Hap plugin creating...
[2026-04-14T19:09:47.105] [DEBUG] debug-file - failed to load cangjie to dynamically generate schemas: Error: Cannot find module '@ohos/cangjie-build-support/index'
Require stack:
- D:\2\DevEco Studio\tools\hvigor\hvigor-ohos-plugin\src\plugin\hooks\cangjie-register.js
- D:\2\DevEco Studio\tools\hvigor\hvigor-ohos-plugin\src\plugin\strategy\stage-init-strategy.js
- D:\2\DevEco Studio\tools\hvigor\hvigor-ohos-plugin\src\plugin\builder\abstract-plugin-builder.js
- D:\2\DevEco Studio\tools\hvigor\hvigor-ohos-plugin\src\plugin\builder\app-plugin-builder.js
- D:\2\DevEco Studio\tools\hvigor\hvigor-ohos-plugin\src\plugin\factory\plugin-factory.js
- D:\2\DevEco Studio\tools\hvigor\hvigor-ohos-plugin\index.js
- D:\code\LED-master\4_AI\4_Complete\hvigorfile.ts
- D:\2\DevEco Studio\tools\hvigor\hvigor\src\base\internal\lifecycle\configuration.js
- D:\2\DevEco Studio\tools\hvigor\hvigor\src\base\boot\index.js
- D:\2\DevEco Studio\tools\hvigor\hvigor\src\base\daemon\cluster\worker-process-lifecycle.js
- D:\2\DevEco Studio\tools\hvigor\hvigor\src\base\daemon\process\daemon-process-boot-script.js
[2026-04-14T19:09:47.116] [DEBUG] debug-file - Start initialize module-target build option map, moduleName=entry, buildMode=debug
[2026-04-14T19:09:47.117] [DEBUG] debug-file - Target 'default' config initialized
[2026-04-14T19:09:47.117] [DEBUG] debug-file - Target 'ohosTest' config initialized
[2026-04-14T19:09:47.117] [DEBUG] debug-file - Module 'entry' target 'default' build option initialized
[2026-04-14T19:09:47.117] [DEBUG] debug-file - Module 'entry' target 'ohosTest' build option initialized
[2026-04-14T19:09:47.117] [DEBUG] debug-file - End initialize module-target build option map, moduleName=entry
[2026-04-14T19:09:47.117] [DEBUG] debug-file - Start initialize module-target build option map, moduleName=entry, buildMode=release
[2026-04-14T19:09:47.117] [DEBUG] debug-file - Target 'default' config initialized
[2026-04-14T19:09:47.118] [DEBUG] debug-file - Target 'ohosTest' config initialized
[2026-04-14T19:09:47.118] [DEBUG] debug-file - Module 'entry' target 'default' build option initialized
[2026-04-14T19:09:47.118] [DEBUG] debug-file - Module 'entry' target 'ohosTest' build option initialized
[2026-04-14T19:09:47.118] [DEBUG] debug-file - End initialize module-target build option map, moduleName=entry
[2026-04-14T19:09:47.118] [DEBUG] debug-file - Start initialize module-target build option map, moduleName=entry, buildMode=debug
[2026-04-14T19:09:47.118] [DEBUG] debug-file - Target 'default' config initialized
[2026-04-14T19:09:47.118] [DEBUG] debug-file - Target 'ohosTest' config initialized
[2026-04-14T19:09:47.118] [DEBUG] debug-file - Module 'entry' target 'default' build option initialized
[2026-04-14T19:09:47.118] [DEBUG] debug-file - Module 'entry' target 'ohosTest' build option initialized
[2026-04-14T19:09:47.119] [DEBUG] debug-file - End initialize module-target build option map, moduleName=entry
[2026-04-14T19:09:47.119] [DEBUG] debug-file - Obtain build option for module 'entry' target 'default'in this build.
[2026-04-14T19:09:47.123] [DEBUG] debug-file - Module entry task initialization takes 4 ms 
[2026-04-14T19:09:47.123] [DEBUG] debug-file - Hap plugin register hook start...
[2026-04-14T19:09:47.123] [DEBUG] debug-file - Hap plugin register hook end...
[2026-04-14T19:09:47.123] [DEBUG] debug-file - Plugin build process completed
[2026-04-14T19:09:47.123] [DEBUG] debug-file - hvigorfile, binding custom plugins []
[2026-04-14T19:09:47.123] [DEBUG] debug-file - hvigorfile, no custom plugins were found in D:\code\LED-master\4_AI\4_Complete\entry\hvigorfile.ts
[2026-04-14T19:09:47.124] [DEBUG] debug-file - hvigorfile, resolve finished D:\code\LED-master\4_AI\4_Complete\entry\hvigorfile.ts
[2026-04-14T19:09:47.136] [DEBUG] debug-file - hvigorfile, resolve hvigorfile dependencies in 12 ms 
[2026-04-14T19:09:47.136] [DEBUG] debug-file - project has submodules:entry
[2026-04-14T19:09:47.137] [DEBUG] debug-file - start to load updatedOhPackageInfo to the disk
[2026-04-14T19:09:47.140] [DEBUG] debug-file - load to the disk finished
[2026-04-14T19:09:47.141] [DEBUG] debug-file - Start to initialize dependency information.
[2026-04-14T19:09:47.142] [DEBUG] debug-file - Module 4_Complete Collected Dependency: 
[2026-04-14T19:09:47.142] [DEBUG] debug-file - Module 4_Complete's total dependency: 0
[2026-04-14T19:09:47.143] [DEBUG] debug-file - Start to initialize dependency information.
[2026-04-14T19:09:47.145] [DEBUG] debug-file - Module entry Collected Dependency: 
[2026-04-14T19:09:47.145] [DEBUG] debug-file - Module entry's total dependency: 0
[2026-04-14T19:09:47.147] [DEBUG] debug-file - Configuration phase cost:1 s 418 ms 
[2026-04-14T19:09:47.148] [DEBUG] debug-file - Configuration task cost before running: 1 s 424 ms 
[2026-04-14T19:09:47.153] [DEBUG] debug-file - Executing task :entry:default@PreBuild
[2026-04-14T19:09:47.154] [DEBUG] debug-file - Task 'entry:default@PreBuild' cost while wrapping incremental declarations: 1 ms 
[2026-04-14T19:09:47.239] [DEBUG] debug-file - current product is not Atomic service.
[2026-04-14T19:09:47.240] [DEBUG] debug-file - Use tool [win32: JAVA_HOME, CLASSPATH]
 [
  { JAVA_HOME: 'D:\\2\\DevEco Studio\\jbr' },
  { CLASSPATH: undefined }
]
[2026-04-14T19:09:47.240] [DEBUG] debug-file - Use tool [win32: NODE_HOME]
 [ { NODE_HOME: 'D:\\2\\DevEco Studio\\tools\\node' } ]
[2026-04-14T19:09:47.240] [DEBUG] debug-file - entry : default@PreBuild cost memory 8.66607666015625
[2026-04-14T19:09:47.240] [DEBUG] debug-file - runTaskFromQueue task cost before running: 1 s 516 ms 
[2026-04-14T19:09:47.241] [INFO] debug-file - Finished :entry:default@PreBuild... after 88 ms 
[2026-04-14T19:09:47.242] [DEBUG] debug-file - Executing task :entry:default@CreateModuleInfo
[2026-04-14T19:09:47.242] [DEBUG] debug-file - Task 'entry:default@CreateModuleInfo' cost while wrapping incremental declarations: 1 ms 
[2026-04-14T19:09:47.243] [DEBUG] debug-file - entry : default@CreateModuleInfo cost memory 0.0428466796875
[2026-04-14T19:09:47.243] [DEBUG] debug-file - runTaskFromQueue task cost before running: 1 s 519 ms 
[2026-04-14T19:09:47.243] [INFO] debug-file - Finished :entry:default@CreateModuleInfo... after 1 ms 
[2026-04-14T19:09:47.243] [DEBUG] debug-file - Executing task :entry:default@GenerateMetadata
[2026-04-14T19:09:47.244] [DEBUG] debug-file - Task 'entry:default@GenerateMetadata' cost while wrapping incremental declarations: 1 ms 
[2026-04-14T19:09:47.246] [DEBUG] debug-file - entry : default@GenerateMetadata cost memory 0.065032958984375
[2026-04-14T19:09:47.246] [DEBUG] debug-file - runTaskFromQueue task cost before running: 1 s 522 ms 
[2026-04-14T19:09:47.246] [INFO] debug-file - Finished :entry:default@GenerateMetadata... after 3 ms 
[2026-04-14T19:09:47.247] [DEBUG] debug-file - Executing task :entry:default@ConfigureCmake
[2026-04-14T19:09:47.247] [DEBUG] debug-file - entry : default@ConfigureCmake cost memory 0.0144805908203125
[2026-04-14T19:09:47.247] [DEBUG] debug-file - runTaskFromQueue task cost before running: 1 s 523 ms 
[2026-04-14T19:09:47.247] [INFO] debug-file - Finished :entry:default@ConfigureCmake... after 1 ms 
[2026-04-14T19:09:47.248] [DEBUG] debug-file - Executing task :entry:default@MergeProfile
[2026-04-14T19:09:47.248] [DEBUG] debug-file - Task 'entry:default@MergeProfile' cost while wrapping incremental declarations: 1 ms 
[2026-04-14T19:09:47.249] [DEBUG] debug-file - Change app api release type with 'Release'
[2026-04-14T19:09:47.249] [DEBUG] debug-file - Change app compile API version with '6.0.2.130'
[2026-04-14T19:09:47.249] [DEBUG] debug-file - Change app target API version with '60000020'
[2026-04-14T19:09:47.249] [DEBUG] debug-file - Change app minimum API version with '60000020'
[2026-04-14T19:09:47.249] [DEBUG] debug-file - Use cli appEnvironment
[2026-04-14T19:09:47.250] [DEBUG] debug-file - entry : default@MergeProfile cost memory 0.15354156494140625
[2026-04-14T19:09:47.250] [DEBUG] debug-file - runTaskFromQueue task cost before running: 1 s 526 ms 
[2026-04-14T19:09:47.250] [INFO] debug-file - Finished :entry:default@MergeProfile... after 3 ms 
[2026-04-14T19:09:47.251] [DEBUG] debug-file - Executing task :entry:default@CreateBuildProfile
[2026-04-14T19:09:47.252] [DEBUG] debug-file - Task 'entry:default@CreateBuildProfile' cost while wrapping incremental declarations: 1 ms 
[2026-04-14T19:09:47.253] [DEBUG] debug-file - entry : default@CreateBuildProfile cost memory 0.06786346435546875
[2026-04-14T19:09:47.253] [DEBUG] debug-file - runTaskFromQueue task cost before running: 1 s 529 ms 
[2026-04-14T19:09:47.253] [INFO] debug-file - Finished :entry:default@CreateBuildProfile... after 2 ms 
[2026-04-14T19:09:47.254] [DEBUG] debug-file - Executing task :entry:default@PreCheckSyscap
[2026-04-14T19:09:47.254] [DEBUG] debug-file - entry : default@PreCheckSyscap cost memory 0.0147247314453125
[2026-04-14T19:09:47.254] [DEBUG] debug-file - runTaskFromQueue task cost before running: 1 s 530 ms 
[2026-04-14T19:09:47.254] [INFO] debug-file - Finished :entry:default@PreCheckSyscap... after 1 ms 
[2026-04-14T19:09:47.255] [DEBUG] debug-file - Executing task :entry:default@GeneratePkgContextInfo
[2026-04-14T19:09:47.258] [DEBUG] debug-file - Task 'entry:default@GeneratePkgContextInfo' cost while wrapping incremental declarations: 1 ms 
[2026-04-14T19:09:47.259] [DEBUG] debug-file - entry : default@GeneratePkgContextInfo cost memory 0.6646881103515625
[2026-04-14T19:09:47.259] [DEBUG] debug-file - runTaskFromQueue task cost before running: 1 s 535 ms 
[2026-04-14T19:09:47.259] [INFO] debug-file - Finished :entry:default@GeneratePkgContextInfo... after 4 ms 
[2026-04-14T19:09:47.261] [DEBUG] debug-file - Executing task :entry:default@ProcessIntegratedHsp
[2026-04-14T19:09:47.261] [DEBUG] debug-file - entry : default@ProcessIntegratedHsp cost memory 0.0302581787109375
[2026-04-14T19:09:47.261] [DEBUG] debug-file - runTaskFromQueue task cost before running: 1 s 537 ms 
[2026-04-14T19:09:47.261] [INFO] debug-file - Finished :entry:default@ProcessIntegratedHsp... after 1 ms 
[2026-04-14T19:09:47.262] [DEBUG] debug-file - Executing task :entry:default@BuildNativeWithCmake
[2026-04-14T19:09:47.262] [DEBUG] debug-file - entry : default@BuildNativeWithCmake cost memory 0.014862060546875
[2026-04-14T19:09:47.262] [DEBUG] debug-file - runTaskFromQueue task cost before running: 1 s 538 ms 
[2026-04-14T19:09:47.262] [INFO] debug-file - Finished :entry:default@BuildNativeWithCmake... after 1 ms 
[2026-04-14T19:09:47.263] [DEBUG] debug-file - Executing task :entry:default@MakePackInfo
[2026-04-14T19:09:47.264] [DEBUG] debug-file - Module Pack Info:  {
  summary: {
    app: { bundleName: 'c***d', bundleType: 'app', version: [Object] },
    modules: [ [Object] ]
  },
  packages: [
    {
      deviceType: [Array],
      moduleType: 'entry',
      deliveryWithInstall: true,
      name: 'entry-default'
    }
  ]
}
[2026-04-14T19:09:47.265] [DEBUG] debug-file - entry : default@MakePackInfo cost memory 0.1152496337890625
[2026-04-14T19:09:47.265] [DEBUG] debug-file - runTaskFromQueue task cost before running: 1 s 541 ms 
[2026-04-14T19:09:47.266] [INFO] debug-file - Finished :entry:default@MakePackInfo... after 3 ms 
[2026-04-14T19:09:47.266] [DEBUG] debug-file - Executing task :entry:default@SyscapTransform
[2026-04-14T19:09:47.266] [DEBUG] debug-file - File: 'D:\code\LED-master\4_AI\4_Complete\entry\src\main\syscap.json' from 'sysCapJsonPath' is not exists, just ignore.
[2026-04-14T19:09:47.267] [DEBUG] debug-file - Task 'entry:default@SyscapTransform' cost while wrapping incremental declarations: 1 ms 
[2026-04-14T19:09:47.267] [DEBUG] debug-file - entry : default@SyscapTransform cost memory 0.05420684814453125
[2026-04-14T19:09:47.267] [DEBUG] debug-file - runTaskFromQueue task cost before running: 1 s 543 ms 
[2026-04-14T19:09:47.268] [INFO] debug-file - Finished :entry:default@SyscapTransform... after 2 ms 
[2026-04-14T19:09:47.269] [DEBUG] debug-file - Executing task :entry:default@ProcessProfile
[2026-04-14T19:09:47.269] [DEBUG] debug-file - Task 'entry:default@ProcessProfile' cost while wrapping incremental declarations: 1 ms 
[2026-04-14T19:09:47.271] [DEBUG] debug-file - [
  'D:\\2\\DevEco Studio\\tools\\node\\node.exe',
  'D:\\2\\DevEco Studio\\sdk\\default\\openharmony\\ets\\build-tools\\ets-loader\\bin\\ark\\ts2abc.js',
  '--target-api-version',
  '20'
]
[2026-04-14T19:09:47.784] [DEBUG] debug-file - 13.0.1.0
[2026-04-14T19:09:47.785] [DEBUG] debug-file - No need to add fake ui ability because of not in preview process.
[2026-04-14T19:09:47.786] [DEBUG] debug-file - entry : default@ProcessProfile cost memory 1.9178848266601562
[2026-04-14T19:09:47.786] [DEBUG] debug-file - runTaskFromQueue task cost before running: 2 s 62 ms 
[2026-04-14T19:09:47.786] [INFO] debug-file - Finished :entry:default@ProcessProfile... after 518 ms 
[2026-04-14T19:09:47.787] [DEBUG] debug-file - Executing task :entry:default@ProcessRouterMap
[2026-04-14T19:09:47.791] [DEBUG] debug-file - entry : default@ProcessRouterMap cost memory 0.18503570556640625
[2026-04-14T19:09:47.791] [DEBUG] debug-file - runTaskFromQueue task cost before running: 2 s 67 ms 
[2026-04-14T19:09:47.792] [INFO] debug-file - Finished :entry:default@ProcessRouterMap... after 5 ms 
[2026-04-14T19:09:47.792] [DEBUG] debug-file - Executing task :entry:default@ProcessShareConfig
[2026-04-14T19:09:47.794] [DEBUG] debug-file - entry : default@ProcessShareConfig cost memory 0.08141326904296875
[2026-04-14T19:09:47.794] [DEBUG] debug-file - runTaskFromQueue task cost before running: 2 s 70 ms 
[2026-04-14T19:09:47.794] [INFO] debug-file - Finished :entry:default@ProcessShareConfig... after 2 ms 
[2026-04-14T19:09:47.795] [DEBUG] debug-file - Executing task :entry:default@ProcessStartupConfig
[2026-04-14T19:09:47.795] [DEBUG] debug-file - Task 'entry:default@ProcessStartupConfig' cost while wrapping incremental declarations: 1 ms 
[2026-04-14T19:09:47.796] [DEBUG] debug-file - entry : default@ProcessStartupConfig cost memory 0.08506011962890625
[2026-04-14T19:09:47.796] [DEBUG] debug-file - runTaskFromQueue task cost before running: 2 s 72 ms 
[2026-04-14T19:09:47.796] [INFO] debug-file - Finished :entry:default@ProcessStartupConfig... after 2 ms 
[2026-04-14T19:09:47.797] [DEBUG] debug-file - Executing task :entry:default@BuildNativeWithNinja
[2026-04-14T19:09:47.797] [DEBUG] debug-file - entry : default@BuildNativeWithNinja cost memory 0.02790069580078125
[2026-04-14T19:09:47.797] [DEBUG] debug-file - runTaskFromQueue task cost before running: 2 s 73 ms 
[2026-04-14T19:09:47.798] [INFO] debug-file - Finished :entry:default@BuildNativeWithNinja... after 1 ms 
[2026-04-14T19:09:47.798] [DEBUG] debug-file - restool module names: entry; moduleName=entry, taskName=default@ProcessResource
[2026-04-14T19:09:47.800] [DEBUG] debug-file - Executing task :entry:default@ProcessResource
[2026-04-14T19:09:47.800] [DEBUG] debug-file - Task 'entry:default@ProcessResource' cost while wrapping incremental declarations: 1 ms 
[2026-04-14T19:09:47.801] [DEBUG] debug-file - entry : default@ProcessResource cost memory 0.1171417236328125
[2026-04-14T19:09:47.801] [DEBUG] debug-file - runTaskFromQueue task cost before running: 2 s 77 ms 
[2026-04-14T19:09:47.802] [INFO] debug-file - Finished :entry:default@ProcessResource... after 3 ms 
[2026-04-14T19:09:47.803] [DEBUG] debug-file - Executing task :entry:default@GenerateLoaderJson
[2026-04-14T19:09:47.804] [DEBUG] debug-file - Task 'entry:default@GenerateLoaderJson' cost while wrapping incremental declarations: 1 ms 
[2026-04-14T19:09:47.809] [DEBUG] debug-file - entry : default@GenerateLoaderJson cost memory 0.5607833862304688
[2026-04-14T19:09:47.809] [DEBUG] debug-file - runTaskFromQueue task cost before running: 2 s 85 ms 
[2026-04-14T19:09:47.813] [INFO] debug-file - Finished :entry:default@GenerateLoaderJson... after 7 ms 
[2026-04-14T19:09:47.813] [DEBUG] debug-file - Executing task :entry:default@ProcessLibs
[2026-04-14T19:09:47.816] [DEBUG] debug-file - Worker dispatch failed, running processLibs on main thread.
[2026-04-14T19:09:47.817] [DEBUG] debug-file - entry : default@ProcessLibs cost memory 0.28400421142578125
[2026-04-14T19:09:47.817] [DEBUG] debug-file - runTaskFromQueue task cost before running: 2 s 93 ms 
[2026-04-14T19:09:47.817] [INFO] debug-file - Finished :entry:default@ProcessLibs... after 4 ms 
[2026-04-14T19:09:47.818] [DEBUG] debug-file - restool module names: entry; moduleName=entry, taskName=default@CompileResource
[2026-04-14T19:09:47.818] [DEBUG] debug-file - Executing task :entry:default@CompileResource
[2026-04-14T19:09:47.823] [DEBUG] debug-file - Use tool [D:\2\DevEco Studio\sdk\default\openharmony\toolchains\restool.exe]
 [
  'D:\\2\\DevEco Studio\\sdk\\default\\openharmony\\toolchains\\restool.exe',
  '-l',
  'D:\\code\\LED-master\\4_AI\\4_Complete\\entry\\build\\default\\intermediates\\res\\default\\resConfig.json'
]
[2026-04-14T19:09:47.824] [DEBUG] debug-file - current process  memoryUsage: {
  rss: 280043520,
  heapTotal: 168325120,
  heapUsed: 135272296,
  external: 13967008,
  arrayBuffers: 11065755
} os memoryUsage :14.28955078125
[2026-04-14T19:09:48.114] [DEBUG] debug-file - Info: Pack: normal pack mode

[2026-04-14T19:09:48.162] [DEBUG] debug-file - Info: hardware concurrency count is : 32
Info: thread count is : 32

[2026-04-14T19:09:48.162] [DEBUG] debug-file - Info: thread pool is started

[2026-04-14T19:09:48.163] [DEBUG] debug-file - Info: GenericCompiler::CompileFiles

[2026-04-14T19:09:48.167] [DEBUG] debug-file - Info: GenericCompiler::CompileFiles

[2026-04-14T19:09:48.167] [DEBUG] debug-file - Warning: 'D:\code\LED-master\4_AI\4_Complete\entry\src\main\resources\base\media\background.png' is defined repeatedly.
Warning: 'D:\code\LED-master\4_AI\4_Complete\entry\src\main\resources\base\media\foreground.png' is defined repeatedly.
Warning: 'D:\code\LED-master\4_AI\4_Complete\entry\src\main\resources\base\media\layered_image.json' is defined repeatedly.

[2026-04-14T19:09:48.169] [DEBUG] debug-file - Info: GenericCompiler::CompileFiles

[2026-04-14T19:09:48.174] [DEBUG] debug-file - 04-14 19:09:48.175 15756 12608 E C01400/ImageTranscoderUtils: DecodeToRGBA IN
04-14 19:09:48.175 15756 12608 E C01400/ImageTranscoderUtils: ImageFilter IN D:\code\LED-master\4_AI\4_Complete\AppScope\resources\base\media\background.png

[2026-04-14T19:09:48.206] [DEBUG] debug-file - 04-14 19:09:48.207 15756 12608 E C01400/ImageTranscoderUtils: DecodeToRGBA IN
04-14 19:09:48.207 15756 12608 E C01400/ImageTranscoderUtils: ImageFilter IN D:\code\LED-master\4_AI\4_Complete\AppScope\resources\base\media\foreground.png

[2026-04-14T19:09:48.231] [DEBUG] debug-file - Info: can't scale media json file.

[2026-04-14T19:09:48.231] [DEBUG] debug-file - Warning: The width or height of the png file referenced by the icon exceeds the limit (41 pixels)
at D:\code\LED-master\4_AI\4_Complete\AppScope\resources\base\media\background.png

[2026-04-14T19:09:48.231] [DEBUG] debug-file - Warning: The width or height of the png file referenced by the icon exceeds the limit (41 pixels)
at D:\code\LED-master\4_AI\4_Complete\AppScope\resources\base\media\foreground.png
Warning: D:\code\LED-master\4_AI\4_Complete\AppScope\resources\base\media\layered_image.json is not png format

[2026-04-14T19:09:48.232] [DEBUG] debug-file - Info: restool resources compile success.

[2026-04-14T19:09:48.233] [DEBUG] debug-file - Info: thread pool is stopped

[2026-04-14T19:09:48.300] [DEBUG] debug-file - entry : default@CompileResource cost memory -21.86638641357422
[2026-04-14T19:09:48.300] [DEBUG] debug-file - runTaskFromQueue task cost before running: 2 s 576 ms 
[2026-04-14T19:09:48.301] [INFO] debug-file - Finished :entry:default@CompileResource... after 482 ms 
[2026-04-14T19:09:48.301] [DEBUG] debug-file - Executing task :entry:default@DoNativeStrip
[2026-04-14T19:09:48.302] [DEBUG] debug-file - Task 'entry:default@DoNativeStrip' cost while wrapping incremental declarations: 1 ms 
[2026-04-14T19:09:48.303] [DEBUG] debug-file - entry : default@DoNativeStrip cost memory 0.05962371826171875
[2026-04-14T19:09:48.303] [DEBUG] debug-file - runTaskFromQueue task cost before running: 2 s 579 ms 
[2026-04-14T19:09:48.303] [INFO] debug-file - Finished :entry:default@DoNativeStrip... after 2 ms 
[2026-04-14T19:09:48.304] [DEBUG] debug-file - Executing task :entry:default@CompileArkTS
[2026-04-14T19:09:48.305] [DEBUG] debug-file - obfuscationOptions: undefined
[2026-04-14T19:09:48.305] [DEBUG] debug-file - Task 'entry:default@CompileArkTS' cost while wrapping incremental declarations: 1 ms 
[2026-04-14T19:09:48.315] [DEBUG] debug-file - build config:
[2026-04-14T19:09:48.315] [DEBUG] debug-file - {
  moduleType: 'entry',
  perf: 0,
  targetName: '.default',
  packageManagerType: 'ohpm',
  localPropertiesPath: 'D:\\code\\LED-master\\4_AI\\4_Complete\\local.properties',
  isPreview: false,
  isOhosTest: false,
  isLocalTest: false,
  buildMode: 'Debug',
  hotReloadBuild: undefined,
  watchMode: 'false',
  aceProfilePath: 'D:\\code\\LED-master\\4_AI\\4_Complete\\entry\\build\\default\\intermediates\\res\\default\\resources\\base\\profile',
  etsLoaderPath: 'D:\\2\\DevEco Studio\\sdk\\default\\openharmony\\ets\\build-tools\\ets-loader',
  modulePath: 'D:\\code\\LED-master\\4_AI\\4_Complete\\entry',
  testFrameworkPar: {
    testMode: undefined,
    coveragePathFilter: undefined,
    coverageMode: undefined
  },
  needCoverageInsert: false,
  debugLine: false,
  projectTopDir: 'D:\\code\\LED-master\\4_AI\\4_Complete',
  compileSdkVersion: 22,
  compatibleSdkVersion: 20,
  originCompatibleSdkVersion: '6.0.0(20)',
  compatibleSdkVersionStage: undefined,
  bundleName: 'c***d',
  etsLoaderVersion: '6.0.2.130',
  etsLoaderReleaseType: 'Release',
  aotCompileMode: 'type',
  apPath: 'D:\\code\\LED-master\\4_AI\\4_Complete\\entry\\modules.ap',
  entryModuleName: 'entry',
  entryModuleVersion: '1.0.0',
  entryPackageName: 'entry',
  allModuleNameHash: '14cb1163990bfe46c5fdd33ca37e3dc3c5be1aeb5e6e37efe83f162c9836fa5a',
  externalApiPaths: [ 'D:\\2\\DevEco Studio\\sdk\\default\\hms\\ets' ],
  compilerTypes: [],
  isCrossplatform: false,
  hvigorPluginFile: undefined,
  compilePluginPath: undefined,
  buildGeneratedProfilePath: 'D:\\code\\LED-master\\4_AI\\4_Complete\\entry\\build\\default\\generated\\profile\\default',
  bundleType: 'app',
  arkTSVersion: undefined,
  apiVersion: 22,
  needCompleteSourcesMap: false,
  isFaMode: false,
  buildDir: 'D:\\code\\LED-master\\4_AI\\4_Complete\\entry\\build',
  deviceTypes: [ 'phone' ],
  pkgContextInfo: {
    entry: {
      packageName: 'entry',
      bundleName: '*****',
      moduleName: '',
      version: '',
      entryPath: 'src/main/',
      isSO: false,
      dependencyAlias: ''
    }
  },
  ohPackagePathMap: {},
  dependencyAliasMap: {},
  permission: { requestPermissions: undefined, definePermissions: undefined },
  useGetCurrentBundleName: false,
  projectArkOption: undefined,
  sourceMapDir: undefined,
  branchElimination: false,
  transformLib: undefined,
  tsImportSendable: false,
  resolveConflictMode: true,
  depName2RootPath: {},
  depName2DepInfo: {},
  rootPathSet: [ 'D:\\code\\LED-master\\4_AI\\4_Complete' ],
  useNativeResolver: true,
  shouldEmitJs: true,
  useTscResolve: false,
  singleFileEmit: false,
  userProjectConfig: {
    autoLazyImport: false,
    allowEmptyBundleName: false,
    reExportCheckMode: 'noCheck',
    executionMode: 'memory',
    usePathPlaceholder: false,
    writeRollupCache: true,
    isExpandImportEnabled: false,
    expandImportExclude: '',
    lazyImportExclude: '',
    lazyImportInclude: '',
    ignoreCrossplatformCheck: false,
    isHarDeduplicateEnabled: false,
    skipOhModulesLint: false,
    enableStrictCheckOHModule: false,
    disableSendableCheckRules: [],
    useDeclarationFileSignature: false,
    customizedOptions: undefined,
    integratedHsp: false,
    isPreloadSoEnabled: false
  },
  executionMode: 'memory',
  arkCompileCachePath: 'D:\\code\\LED-master\\4_AI\\4_Complete\\entry\\build\\default\\cache\\default\\default@CompileArkTS\\esmodule',
  autoLazyFilter: undefined,
  isHarDeduplicateEnabled: false,
  intermediateHarDuplicateDirPath: 'D:\\code\\LED-master\\4_AI\\4_Complete\\entry\\build\\default\\intermediates\\har_duplicate\\default',
  autoLazyImport: false,
  allowEmptyBundleName: false,
  reExportCheckMode: 'noCheck',
  usePathPlaceholder: false,
  writeRollupCache: true,
  isExpandImportEnabled: false,
  expandImportExclude: '',
  lazyImportExclude: '',
  lazyImportInclude: '',
  ignoreCrossplatformCheck: false,
  skipOhModulesLint: false,
  enableStrictCheckOHModule: false,
  disableSendableCheckRules: [],
  useDeclarationFileSignature: false,
  customizedOptions: undefined,
  integratedHsp: false,
  isPreloadSoEnabled: false,
  strictMode: {
    caseSensitiveCheck: true,
    useNormalizedOHMUrl: true,
    noExternalImportByPath: true
  },
  useNormalizedOHMUrl: true,
  caseSensitiveCheck: true,
  aceModuleJsonPath: 'D:\\code\\LED-master\\4_AI\\4_Complete\\entry\\build\\default\\intermediates\\res\\default\\ark_module.json',
  appResource: 'D:\\code\\LED-master\\4_AI\\4_Complete\\entry\\build\\default\\intermediates\\res\\default\\ResourceTable.txt',
  rawFileResource: 'D:\\code\\LED-master\\4_AI\\4_Complete\\entry\\build\\default\\intermediates\\res\\default\\resources\\rawfile',
  resourceTableHash: '9b84a2ad61f1fb63907a736d07f662739ea0f6342ddaac9cd110bbff65ec057e',
  runtimeOS: 'HarmonyOS',
  sdkInfo: 'false:22:6.0.2.130:Release',
  aceModuleRoot: 'D:\\code\\LED-master\\4_AI\\4_Complete\\entry\\src\\main\\ets',
  compileMode: 'esmodule',
  aceSuperVisualPath: 'D:\\code\\LED-master\\4_AI\\4_Complete\\entry\\src\\main\\supervisual',
  aceBuildJson: 'D:\\code\\LED-master\\4_AI\\4_Complete\\entry\\build\\default\\intermediates\\loader\\default\\loader.json',
  cachePath: 'D:\\code\\LED-master\\4_AI\\4_Complete\\entry\\build\\default\\cache\\default\\default@CompileArkTS\\esmodule\\debug',
  aceModuleBuild: 'D:\\code\\LED-master\\4_AI\\4_Complete\\entry\\build\\default\\intermediates\\loader_out\\default\\ets',
  supportChunks: true,
  declaredFilesPath: undefined,
  shouldCollectDirectImportees: false,
  isByteCodeHarOptimize: false,
  expandImportPath: undefined,
  pkgNameToPkgBriefInfo: {
    entry: {
      pkgRoot: 'D:\\code\\LED-master\\4_AI\\4_Complete\\entry',
      originalSourceRoots: undefined,
      sourceRoots: [Array],
      pkgName: 'entry'
    }
  },
  projectModel: {
    'D:\\code\\LED-master\\4_AI\\4_Complete\\entry\\src\\main': {
      moduleName: 'entry',
      modulePkgPath: 'D:\\code\\LED-master\\4_AI\\4_Complete\\entry',
      belongProjectPath: 'D:\\code\\LED-master\\4_AI\\4_Complete'
    },
    'D:\\code\\LED-master\\4_AI\\4_Complete\\entry\\.test\\default\\intermediates\\src\\ohosTest\\ets': {
      moduleName: 'entry',
      modulePkgPath: 'D:\\code\\LED-master\\4_AI\\4_Complete\\entry',
      belongProjectPath: 'D:\\code\\LED-master\\4_AI\\4_Complete'
    },
    'D:\\code\\LED-master\\4_AI\\4_Complete\\entry\\src\\ohosTest': {
      moduleName: 'entry',
      modulePkgPath: 'D:\\code\\LED-master\\4_AI\\4_Complete\\entry',
      belongProjectPath: 'D:\\code\\LED-master\\4_AI\\4_Complete'
    },
    'D:\\code\\LED-master\\4_AI\\4_Complete\\entry': {
      moduleName: 'entry',
      modulePkgPath: 'D:\\code\\LED-master\\4_AI\\4_Complete\\entry',
      belongProjectPath: 'D:\\code\\LED-master\\4_AI\\4_Complete'
    },
    'D:\\code\\LED-master\\4_AI\\4_Complete': {
      moduleName: '4_Complete',
      modulePkgPath: 'D:\\code\\LED-master\\4_AI\\4_Complete',
      belongProjectPath: 'D:\\code\\LED-master\\4_AI\\4_Complete'
    }
  },
  pkgJsonFileHash: '3988b0835bccf210dee13376ccba6999fb1b98adb421db068b476e7002ad0e2d',
  allModulePaths: [ 'D:\\code\\LED-master\\4_AI\\4_Complete\\entry' ],
  routerMap: {},
  obfuscationOptions: undefined,
  byteCodeHarToDependencyKeys: undefined,
  compileBlockPkg: [],
  mockParams: {
    decorator: '@MockSetup',
    packageName: '@ohos/hamock',
    etsSourceRootPath: 'src/main/ets',
    mockConfigPath: undefined,
    mockConfigKey2ModuleInfo: {},
    source2ModuleIdMap: {}
  },
  copyCodeResourceEnable: false,
  copyCodeResourceExcludes: [],
  copyCodeResourceIncludes: undefined,
  uiTransformOptimization: false,
  sdkPath: 'D:/2/DevEco Studio/sdk',
  needPreloadSoFileSet: {},
  preloadSoFilePath: 'D:\\code\\LED-master\\4_AI\\4_Complete\\entry\\build\\default\\intermediates\\preload\\default\\preload.json',
  useSourceHash: false,
  localModuleParamMap: {},
  otherPaths: {
    'entry/*': [
      '..\\*',
      '..\\..\\..\\build\\default\\generated\\profile\\default\\*'
    ]
  },
  collectImportersConfig: undefined
}
[2026-04-14T19:09:48.315] [DEBUG] debug-file - Compile arkts with external api path: D:\2\DevEco Studio\sdk\default\hms\ets
[2026-04-14T19:09:48.316] [DEBUG] debug-file - default@CompileArkTS work[0] is submitted.
[2026-04-14T19:09:48.317] [DEBUG] debug-file - default@CompileArkTS work[0] is pushed to ready queue.
[2026-04-14T19:09:48.317] [DEBUG] debug-file - A work dispatched to worker[31] failed because unable to get work from ready queue.
[2026-04-14T19:09:48.317] [DEBUG] debug-file - A work dispatched to worker[30] failed because unable to get work from ready queue.
[2026-04-14T19:09:48.317] [DEBUG] debug-file - A work dispatched to worker[29] failed because unable to get work from ready queue.
[2026-04-14T19:09:48.317] [DEBUG] debug-file - A work dispatched to worker[28] failed because unable to get work from ready queue.
[2026-04-14T19:09:48.317] [DEBUG] debug-file - A work dispatched to worker[27] failed because unable to get work from ready queue.
[2026-04-14T19:09:48.317] [DEBUG] debug-file - A work dispatched to worker[26] failed because unable to get work from ready queue.
[2026-04-14T19:09:48.317] [DEBUG] debug-file - A work dispatched to worker[25] failed because unable to get work from ready queue.
[2026-04-14T19:09:48.317] [DEBUG] debug-file - A work dispatched to worker[24] failed because unable to get work from ready queue.
[2026-04-14T19:09:48.317] [DEBUG] debug-file - A work dispatched to worker[23] failed because unable to get work from ready queue.
[2026-04-14T19:09:48.317] [DEBUG] debug-file - A work dispatched to worker[22] failed because unable to get work from ready queue.
[2026-04-14T19:09:48.317] [DEBUG] debug-file - A work dispatched to worker[21] failed because unable to get work from ready queue.
[2026-04-14T19:09:48.317] [DEBUG] debug-file - A work dispatched to worker[20] failed because unable to get work from ready queue.
[2026-04-14T19:09:48.317] [DEBUG] debug-file - A work dispatched to worker[19] failed because unable to get work from ready queue.
[2026-04-14T19:09:48.317] [DEBUG] debug-file - A work dispatched to worker[18] failed because unable to get work from ready queue.
[2026-04-14T19:09:48.317] [DEBUG] debug-file - A work dispatched to worker[17] failed because unable to get work from ready queue.
[2026-04-14T19:09:48.317] [DEBUG] debug-file - A work dispatched to worker[16] failed because unable to get work from ready queue.
[2026-04-14T19:09:48.317] [DEBUG] debug-file - A work dispatched to worker[15] failed because unable to get work from ready queue.
[2026-04-14T19:09:48.317] [DEBUG] debug-file - A work dispatched to worker[14] failed because unable to get work from ready queue.
[2026-04-14T19:09:48.317] [DEBUG] debug-file - A work dispatched to worker[13] failed because unable to get work from ready queue.
[2026-04-14T19:09:48.317] [DEBUG] debug-file - A work dispatched to worker[12] failed because unable to get work from ready queue.
[2026-04-14T19:09:48.317] [DEBUG] debug-file - A work dispatched to worker[11] failed because unable to get work from ready queue.
[2026-04-14T19:09:48.317] [DEBUG] debug-file - A work dispatched to worker[10] failed because unable to get work from ready queue.
[2026-04-14T19:09:48.317] [DEBUG] debug-file - A work dispatched to worker[9] failed because unable to get work from ready queue.
[2026-04-14T19:09:48.317] [DEBUG] debug-file - A work dispatched to worker[8] failed because unable to get work from ready queue.
[2026-04-14T19:09:48.317] [DEBUG] debug-file - A work dispatched to worker[7] failed because unable to get work from ready queue.
[2026-04-14T19:09:48.317] [DEBUG] debug-file - A work dispatched to worker[6] failed because unable to get work from ready queue.
[2026-04-14T19:09:48.317] [DEBUG] debug-file - A work dispatched to worker[5] failed because unable to get work from ready queue.
[2026-04-14T19:09:48.317] [DEBUG] debug-file - Create  resident worker with id: 4.
[2026-04-14T19:09:48.318] [DEBUG] debug-file - default@CompileArkTS work[0] has been dispatched to worker[4].
[2026-04-14T19:09:48.318] [DEBUG] debug-file - default@CompileArkTS work[0] is dispatched.
[2026-04-14T19:09:48.318] [DEBUG] debug-file - entry : default@CompileArkTS cost memory 1.5965423583984375
[2026-04-14T19:09:48.319] [DEBUG] debug-file - Executing task :entry:default@BuildJS
[2026-04-14T19:09:48.319] [DEBUG] debug-file - Task 'entry:default@BuildJS' cost while wrapping incremental declarations: 1 ms 
[2026-04-14T19:09:48.320] [DEBUG] debug-file - entry : default@BuildJS cost memory 0.16656494140625
[2026-04-14T19:09:48.321] [DEBUG] debug-file - runTaskFromQueue task cost before running: 2 s 596 ms 
[2026-04-14T19:09:48.321] [INFO] debug-file - Finished :entry:default@BuildJS... after 2 ms 
[2026-04-14T19:09:48.321] [DEBUG] debug-file - Executing task :entry:default@CacheNativeLibs
[2026-04-14T19:09:48.321] [DEBUG] debug-file - Task 'entry:default@CacheNativeLibs' cost while wrapping incremental declarations: 1 ms 
[2026-04-14T19:09:48.322] [DEBUG] debug-file - default@CacheNativeLibs work[1] is submitted.
[2026-04-14T19:09:48.322] [DEBUG] debug-file - default@CacheNativeLibs work[1] is pushed to ready queue.
[2026-04-14T19:09:48.322] [DEBUG] debug-file - A work dispatched to worker[31] failed because unable to get work from ready queue.
[2026-04-14T19:09:48.322] [DEBUG] debug-file - Create  resident worker with id: 30.
[2026-04-14T19:09:48.322] [DEBUG] debug-file - default@CacheNativeLibs work[1] has been dispatched to worker[30].
[2026-04-14T19:09:48.322] [DEBUG] debug-file - default@CacheNativeLibs work[1] is dispatched.
[2026-04-14T19:09:48.322] [DEBUG] debug-file - entry : default@CacheNativeLibs cost memory 0.1478271484375
[2026-04-14T19:09:48.975] [DEBUG] debug-file - worker[30] has one work done.
[2026-04-14T19:09:48.975] [DEBUG] debug-file - default@CacheNativeLibs work[1] done.
[2026-04-14T19:09:48.975] [DEBUG] debug-file - A work dispatched to worker[30] failed because unable to get work from ready queue.
[2026-04-14T19:09:48.976] [INFO] debug-file - Finished :entry:default@CacheNativeLibs... after 6 ms 
[2026-04-14T19:09:53.015] [DEBUG] debug-file - worker[4] has one work done.
[2026-04-14T19:09:53.015] [DEBUG] debug-file - Ark compile task finished.finished time is 3968678889600
[2026-04-14T19:09:53.016] [DEBUG] debug-file - default@CompileArkTS work[0] done.
[2026-04-14T19:09:53.016] [DEBUG] debug-file - A work dispatched to worker[4] failed because unable to get work from ready queue.
[2026-04-14T19:09:53.018] [INFO] debug-file - Finished :entry:default@CompileArkTS... after 3 s 78 ms 
[2026-04-14T19:09:53.019] [DEBUG] debug-file - Executing task :entry:default@GeneratePkgModuleJson
[2026-04-14T19:09:53.019] [DEBUG] debug-file - File: 'D:\code\LED-master\4_AI\4_Complete\entry\build\default\intermediates\preload\default\preload.json' from 'preloadSoJsonPath' is not exists, just ignore.
[2026-04-14T19:09:53.019] [DEBUG] debug-file - Error occurs while handling @Input 'shouldDeduplicateHar': The "data" argument must be of type string or an instance of Buffer, TypedArray, or DataView. Received undefined
[2026-04-14T19:09:53.019] [DEBUG] debug-file - Task 'entry:default@GeneratePkgModuleJson' cost while wrapping incremental declarations: 1 ms 
[2026-04-14T19:09:53.022] [DEBUG] debug-file - entry : default@GeneratePkgModuleJson cost memory 0.2161407470703125
[2026-04-14T19:09:53.022] [DEBUG] debug-file - runTaskFromQueue task cost before running: 7 s 298 ms 
[2026-04-14T19:09:53.022] [INFO] debug-file - Finished :entry:default@GeneratePkgModuleJson... after 4 ms 
[2026-04-14T19:09:53.023] [DEBUG] debug-file - Executing task :entry:default@ProcessCompiledResources
[2026-04-14T19:09:53.023] [DEBUG] debug-file - File: 'D:\code\LED-master\4_AI\4_Complete\entry\build\default\intermediates\preload\default\preload.json' from 'preloadSoJsonPath' is not exists, just ignore.
[2026-04-14T19:09:53.023] [DEBUG] debug-file - Task 'entry:default@ProcessCompiledResources' cost while wrapping incremental declarations: 1 ms 
[2026-04-14T19:09:53.023] [DEBUG] debug-file - entry : default@ProcessCompiledResources cost memory 0.05959320068359375
[2026-04-14T19:09:53.023] [DEBUG] debug-file - runTaskFromQueue task cost before running: 7 s 299 ms 
[2026-04-14T19:09:53.023] [INFO] debug-file - Finished :entry:default@ProcessCompiledResources... after 1 ms 
[2026-04-14T19:09:53.024] [DEBUG] debug-file - Executing task :entry:default@PackageHap
[2026-04-14T19:09:53.027] [DEBUG] debug-file - Use tool [D:\2\DevEco Studio\sdk\default\openharmony\toolchains\lib\app_packing_tool.jar]
 [
  'java',
  '-Dfile.encoding=GBK',
  '-jar',
  'D:\\2\\DevEco Studio\\sdk\\default\\openharmony\\toolchains\\lib\\app_packing_tool.jar',
  '--mode',
  'hap',
  '--force',
  'true',
  '--lib-path',
  'D:\\code\\LED-master\\4_AI\\4_Complete\\entry\\build\\default\\intermediates\\stripped_native_libs\\default',
  '--json-path',
  'D:\\code\\LED-master\\4_AI\\4_Complete\\entry\\build\\default\\intermediates\\package\\default\\module.json',
  '--resources-path',
  'D:\\code\\LED-master\\4_AI\\4_Complete\\entry\\build\\default\\intermediates\\res\\default\\resources',
  '--index-path',
  'D:\\code\\LED-master\\4_AI\\4_Complete\\entry\\build\\default\\intermediates\\res\\default\\resources.index',
  '--pack-info-path',
  'D:\\code\\LED-master\\4_AI\\4_Complete\\entry\\build\\default\\outputs\\default\\pack.info',
  '--out-path',
  'D:\\code\\LED-master\\4_AI\\4_Complete\\entry\\build\\default\\outputs\\default\\entry-default-unsigned.hap',
  '--ets-path',
  'D:\\code\\LED-master\\4_AI\\4_Complete\\entry\\build\\default\\intermediates\\loader_out\\default\\ets',
  '--pkg-context-path',
  'D:\\code\\LED-master\\4_AI\\4_Complete\\entry\\build\\default\\intermediates\\loader\\default\\pkgContextInfo.json'
]
[2026-04-14T19:09:53.284] [DEBUG] debug-file - java daemon socket received message:{"code":0,"message":"pack success"}
[2026-04-14T19:09:53.287] [DEBUG] debug-file - entry : default@PackageHap cost memory 0.558135986328125
[2026-04-14T19:09:53.287] [DEBUG] debug-file - runTaskFromQueue task cost before running: 7 s 563 ms 
[2026-04-14T19:09:53.288] [INFO] debug-file - Finished :entry:default@PackageHap... after 263 ms 
[2026-04-14T19:09:53.289] [DEBUG] debug-file - Executing task :entry:default@PackingCheck
[2026-04-14T19:09:53.294] [DEBUG] debug-file - entry : default@PackingCheck cost memory 0.6680145263671875
[2026-04-14T19:09:53.294] [DEBUG] debug-file - runTaskFromQueue task cost before running: 7 s 570 ms 
[2026-04-14T19:09:53.294] [INFO] debug-file - Finished :entry:default@PackingCheck... after 6 ms 
[2026-04-14T19:09:53.295] [DEBUG] debug-file - Executing task :entry:default@SignHap
[2026-04-14T19:09:53.296] [WARN] debug-file - Will skip sign 'hos_hap'. No signingConfigs profile is configured in current project.
             If needed, configure the signingConfigs in D:\code\LED-master\4_AI\4_Complete\build-profile.json5.
[2026-04-14T19:09:53.296] [DEBUG] debug-file - entry : default@SignHap cost memory 0.07415771484375
[2026-04-14T19:09:53.297] [DEBUG] debug-file - runTaskFromQueue task cost before running: 7 s 573 ms 
[2026-04-14T19:09:53.297] [INFO] debug-file - Finished :entry:default@SignHap... after 2 ms 
[2026-04-14T19:09:53.298] [DEBUG] debug-file - Executing task :entry:default@CollectDebugSymbol
[2026-04-14T19:09:53.298] [DEBUG] debug-file - entry : default@CollectDebugSymbol cost memory 0.09954833984375
[2026-04-14T19:09:53.298] [DEBUG] debug-file - runTaskFromQueue task cost before running: 7 s 574 ms 
[2026-04-14T19:09:53.299] [INFO] debug-file - Finished :entry:default@CollectDebugSymbol... after 1 ms 
[2026-04-14T19:09:53.299] [DEBUG] debug-file - Executing task :entry:assembleHap
[2026-04-14T19:09:53.299] [DEBUG] debug-file - entry : assembleHap cost memory 0.0128326416015625
[2026-04-14T19:09:53.299] [DEBUG] debug-file - runTaskFromQueue task cost before running: 7 s 575 ms 
[2026-04-14T19:09:53.299] [INFO] debug-file - Finished :entry:assembleHap... after 1 ms 
[2026-04-14T19:09:53.307] [INFO] debug-file - BUILD SUCCESSFUL in 7 s 583 ms 
[2026-04-14T19:09:53.308] [DEBUG] debug-file - Update task entry:default@PreBuild input file:D:\code\LED-master\4_AI\4_Complete\AppScope\app.json5 cache by regenerate.
[2026-04-14T19:09:53.309] [DEBUG] debug-file - Update task entry:default@PreBuild input file:D:\code\LED-master\4_AI\4_Complete\entry\src\main\module.json5 cache by regenerate.
[2026-04-14T19:09:53.309] [DEBUG] debug-file - Update task entry:default@PreBuild input file:D:\code\LED-master\4_AI\4_Complete\build-profile.json5 cache by regenerate.
[2026-04-14T19:09:53.309] [DEBUG] debug-file - Update task entry:default@PreBuild input file:D:\code\LED-master\4_AI\4_Complete\entry\build-profile.json5 cache by regenerate.
[2026-04-14T19:09:53.309] [DEBUG] debug-file - Update task entry:default@PreBuild input file:D:\code\LED-master\4_AI\4_Complete\entry\src\main\resources\base\profile\route_map.json cache by regenerate.
[2026-04-14T19:09:53.310] [DEBUG] debug-file - Update task entry:default@PreBuild input file:D:\code\LED-master\4_AI\4_Complete\entry\src\main\resources\base\profile\main_pages.json cache by regenerate.
[2026-04-14T19:09:53.310] [DEBUG] debug-file - Update task entry:default@PreBuild input file:D:\code\LED-master\4_AI\4_Complete\hvigor\hvigor-config.json5 cache by regenerate.
[2026-04-14T19:09:53.310] [DEBUG] debug-file - Update task entry:default@PreBuild input file:D:\code\LED-master\4_AI\4_Complete\entry\oh-package.json5 cache by regenerate.
[2026-04-14T19:09:53.310] [DEBUG] debug-file - Update task entry:default@PreBuild input file:D:\code\LED-master\4_AI\4_Complete\oh-package.json5 cache by regenerate.
[2026-04-14T19:09:53.311] [DEBUG] debug-file - Incremental task entry:default@PreBuild post-execution cost:4 ms .
[2026-04-14T19:09:53.311] [DEBUG] debug-file - Update task entry:default@CreateModuleInfo output file:D:\code\LED-master\4_AI\4_Complete\entry\build\default\generated\profile\default\ModuleInfo.ts cache.
[2026-04-14T19:09:53.311] [DEBUG] debug-file - Incremental task entry:default@CreateModuleInfo post-execution cost:1 ms .
[2026-04-14T19:09:53.311] [DEBUG] debug-file - Update task entry:default@GenerateMetadata input file:D:\code\LED-master\4_AI\4_Complete\entry\src\main\module.json5 cache by regenerate.
[2026-04-14T19:09:53.311] [DEBUG] debug-file - Update task entry:default@GenerateMetadata output file:D:\code\LED-master\4_AI\4_Complete\entry\build\default\intermediates\hap_metadata\default\output_metadata.json cache.
[2026-04-14T19:09:53.312] [DEBUG] debug-file - Incremental task entry:default@GenerateMetadata post-execution cost:1 ms .
[2026-04-14T19:09:53.312] [DEBUG] debug-file - Update task entry:default@MergeProfile input file:D:\code\LED-master\4_AI\4_Complete\AppScope\app.json5 cache by regenerate.
[2026-04-14T19:09:53.312] [DEBUG] debug-file - Update task entry:default@MergeProfile input file:D:\code\LED-master\4_AI\4_Complete\build-profile.json5 cache by regenerate.
[2026-04-14T19:09:53.312] [DEBUG] debug-file - Update task entry:default@MergeProfile input file:D:\code\LED-master\4_AI\4_Complete\entry\src\main\module.json5 cache by regenerate.
[2026-04-14T19:09:53.313] [DEBUG] debug-file - Update task entry:default@MergeProfile output file:D:\code\LED-master\4_AI\4_Complete\entry\build\default\intermediates\merge_profile\default\module.json cache.
[2026-04-14T19:09:53.313] [DEBUG] debug-file - Incremental task entry:default@MergeProfile post-execution cost:2 ms .
[2026-04-14T19:09:53.313] [DEBUG] debug-file - Update task entry:default@CreateBuildProfile input file:D:\code\LED-master\4_AI\4_Complete\AppScope\app.json5 cache by regenerate.
[2026-04-14T19:09:53.313] [DEBUG] debug-file - Update task entry:default@CreateBuildProfile input file:D:\code\LED-master\4_AI\4_Complete\build-profile.json5 cache by regenerate.
[2026-04-14T19:09:53.313] [DEBUG] debug-file - Update task entry:default@CreateBuildProfile output file:D:\code\LED-master\4_AI\4_Complete\entry\build\default\generated\profile\default\BuildProfile.ets cache.
[2026-04-14T19:09:53.314] [DEBUG] debug-file - Incremental task entry:default@CreateBuildProfile post-execution cost:1 ms .
[2026-04-14T19:09:53.314] [DEBUG] debug-file - Update task entry:default@GeneratePkgContextInfo output file:D:\code\LED-master\4_AI\4_Complete\entry\build\default\intermediates\loader\default\pkgContextInfo.json cache.
[2026-04-14T19:09:53.314] [DEBUG] debug-file - Incremental task entry:default@GeneratePkgContextInfo post-execution cost:1 ms .
[2026-04-14T19:09:53.314] [DEBUG] debug-file - Update task entry:default@ProcessIntegratedHsp output file:D:\code\LED-master\4_AI\4_Complete\build\cache\default\integrated_hsp\integratedHspCache.json cache.
[2026-04-14T19:09:53.314] [DEBUG] debug-file - Incremental task entry:default@ProcessIntegratedHsp post-execution cost:1 ms .
[2026-04-14T19:09:53.315] [DEBUG] debug-file - Update task entry:default@MakePackInfo input file:D:\code\LED-master\4_AI\4_Complete\AppScope\app.json5 cache by regenerate.
[2026-04-14T19:09:53.315] [DEBUG] debug-file - Update task entry:default@MakePackInfo input file:D:\code\LED-master\4_AI\4_Complete\entry\src\main\module.json5 cache by regenerate.
[2026-04-14T19:09:53.315] [DEBUG] debug-file - Update task entry:default@MakePackInfo input file:D:\code\LED-master\4_AI\4_Complete\build-profile.json5 cache by regenerate.
[2026-04-14T19:09:53.315] [DEBUG] debug-file - Update task entry:default@MakePackInfo input file:D:\code\LED-master\4_AI\4_Complete\entry\src\main\resources\base\profile\backup_config.json cache by regenerate.
[2026-04-14T19:09:53.315] [DEBUG] debug-file - Update task entry:default@MakePackInfo output file:D:\code\LED-master\4_AI\4_Complete\entry\build\default\outputs\default\pack.info cache.
[2026-04-14T19:09:53.316] [DEBUG] debug-file - Incremental task entry:default@MakePackInfo post-execution cost:2 ms .
[2026-04-14T19:09:53.316] [DEBUG] debug-file - Update task entry:default@SyscapTransform input file:D:\2\DevEco Studio\sdk\default\openharmony\toolchains\syscap_tool.exe cache by regenerate.
[2026-04-14T19:09:53.316] [DEBUG] debug-file - Update task entry:default@SyscapTransform input file:D:\2\DevEco Studio\sdk\default\openharmony\ets\api\device-define cache by regenerate.
[2026-04-14T19:09:53.317] [DEBUG] debug-file - Update task entry:default@SyscapTransform output file:D:\code\LED-master\4_AI\4_Complete\entry\build\default\intermediates\syscap\default\rpcid.sc cache.
[2026-04-14T19:09:53.317] [DEBUG] debug-file - Incremental task entry:default@SyscapTransform post-execution cost:2 ms .
[2026-04-14T19:09:53.317] [DEBUG] debug-file - Update task entry:default@ProcessProfile input file:D:\code\LED-master\4_AI\4_Complete\entry\build\default\intermediates\merge_profile\default\module.json cache by regenerate.
[2026-04-14T19:09:53.317] [DEBUG] debug-file - Update task entry:default@ProcessProfile output file:D:\code\LED-master\4_AI\4_Complete\entry\build\default\intermediates\process_profile\default\module.json cache.
[2026-04-14T19:09:53.318] [DEBUG] debug-file - Incremental task entry:default@ProcessProfile post-execution cost:1 ms .
[2026-04-14T19:09:53.318] [DEBUG] debug-file - Update task entry:default@ProcessRouterMap input file:D:\code\LED-master\4_AI\4_Complete\entry\oh-package.json5 cache by regenerate.
[2026-04-14T19:09:53.318] [DEBUG] debug-file - Update task entry:default@ProcessRouterMap input file:D:\code\LED-master\4_AI\4_Complete\oh-package.json5 cache by regenerate.
[2026-04-14T19:09:53.319] [DEBUG] debug-file - Update task entry:default@ProcessRouterMap input file:D:\code\LED-master\4_AI\4_Complete\entry\src\main\module.json5 cache by regenerate.
[2026-04-14T19:09:53.319] [DEBUG] debug-file - Update task entry:default@ProcessRouterMap input file:D:\code\LED-master\4_AI\4_Complete\entry\src\main\resources\base\profile\route_map.json cache by regenerate.
[2026-04-14T19:09:53.319] [DEBUG] debug-file - Update task entry:default@ProcessRouterMap input file:D:\code\LED-master\4_AI\4_Complete\entry\build\default\intermediates\loader\default\pkgContextInfo.json cache by regenerate.
[2026-04-14T19:09:53.319] [DEBUG] debug-file - Update task entry:default@ProcessRouterMap output file:D:\code\LED-master\4_AI\4_Complete\entry\build\default\intermediates\router_map\default\route_map.json cache.
[2026-04-14T19:09:53.319] [DEBUG] debug-file - Update task entry:default@ProcessRouterMap output file:D:\code\LED-master\4_AI\4_Complete\entry\build\default\intermediates\router_map\default\loader-router-map.json cache.
[2026-04-14T19:09:53.320] [DEBUG] debug-file - Incremental task entry:default@ProcessRouterMap post-execution cost:2 ms .
[2026-04-14T19:09:53.320] [DEBUG] debug-file - Update task entry:default@ProcessShareConfig input file:D:\code\LED-master\4_AI\4_Complete\entry\oh-package.json5 cache by regenerate.
[2026-04-14T19:09:53.320] [DEBUG] debug-file - Update task entry:default@ProcessShareConfig input file:D:\code\LED-master\4_AI\4_Complete\oh-package.json5 cache by regenerate.
[2026-04-14T19:09:53.320] [DEBUG] debug-file - Update task entry:default@ProcessShareConfig input file:D:\code\LED-master\4_AI\4_Complete\entry\src\main\module.json5 cache by regenerate.
[2026-04-14T19:09:53.321] [DEBUG] debug-file - Update task entry:default@ProcessShareConfig input file:D:\code\LED-master\4_AI\4_Complete\entry\build\default\intermediates\loader\default\pkgContextInfo.json cache by regenerate.
[2026-04-14T19:09:53.321] [DEBUG] debug-file - Update task entry:default@ProcessShareConfig output file:D:\code\LED-master\4_AI\4_Complete\entry\build\default\intermediates\share_config\default\temp-share-config.json cache.
[2026-04-14T19:09:53.321] [DEBUG] debug-file - Incremental task entry:default@ProcessShareConfig post-execution cost:2 ms .
[2026-04-14T19:09:53.321] [DEBUG] debug-file - Update task entry:default@ProcessStartupConfig input file:D:\code\LED-master\4_AI\4_Complete\entry\build\default\intermediates\loader\default\pkgContextInfo.json cache by regenerate.
[2026-04-14T19:09:53.321] [DEBUG] debug-file - Update task entry:default@ProcessStartupConfig output file:D:\code\LED-master\4_AI\4_Complete\entry\build\default\intermediates\startup\default\startup_config.json cache.
[2026-04-14T19:09:53.322] [DEBUG] debug-file - Incremental task entry:default@ProcessStartupConfig post-execution cost:1 ms .
[2026-04-14T19:09:53.322] [DEBUG] debug-file - Update task entry:default@ProcessResource output file:D:\code\LED-master\4_AI\4_Complete\entry\build\default\intermediates\res\default\resConfig.json cache.
[2026-04-14T19:09:53.322] [DEBUG] debug-file - Update task entry:default@ProcessResource output file:D:\code\LED-master\4_AI\4_Complete\entry\build\default\intermediates\res\default\opt-compression.json cache.
[2026-04-14T19:09:53.322] [DEBUG] debug-file - Incremental task entry:default@ProcessResource post-execution cost:1 ms .
[2026-04-14T19:09:53.323] [DEBUG] debug-file - Update task entry:default@GenerateLoaderJson input file:D:\code\LED-master\4_AI\4_Complete\entry\build\default\intermediates\loader\default\pkgContextInfo.json cache by regenerate.
[2026-04-14T19:09:53.323] [DEBUG] debug-file - Update task entry:default@GenerateLoaderJson input file:D:\code\LED-master\4_AI\4_Complete\entry\build\default\intermediates\router_map\default\loader-router-map.json cache by regenerate.
[2026-04-14T19:09:53.323] [DEBUG] debug-file - Update task entry:default@GenerateLoaderJson input file:D:\code\LED-master\4_AI\4_Complete\entry\build\default\intermediates\router_map\default\route_map.json cache by regenerate.
[2026-04-14T19:09:53.323] [DEBUG] debug-file - Update task entry:default@GenerateLoaderJson output file:D:\code\LED-master\4_AI\4_Complete\entry\build\default\intermediates\loader\default\loader.json cache.
[2026-04-14T19:09:53.324] [DEBUG] debug-file - Incremental task entry:default@GenerateLoaderJson post-execution cost:2 ms .
[2026-04-14T19:09:53.324] [DEBUG] debug-file - Update task entry:default@ProcessLibs input file:D:\code\LED-master\4_AI\4_Complete\build-profile.json5 cache by regenerate.
[2026-04-14T19:09:53.324] [DEBUG] debug-file - Update task entry:default@ProcessLibs input file:D:\code\LED-master\4_AI\4_Complete\entry\build-profile.json5 cache by regenerate.
[2026-04-14T19:09:53.324] [DEBUG] debug-file - Update task entry:default@ProcessLibs output file:D:\code\LED-master\4_AI\4_Complete\entry\build\default\intermediates\libs\default cache.
[2026-04-14T19:09:53.324] [DEBUG] debug-file - Incremental task entry:default@ProcessLibs post-execution cost:1 ms .
[2026-04-14T19:09:53.325] [DEBUG] debug-file - Update task entry:default@CompileResource input file:D:\code\LED-master\4_AI\4_Complete\entry\src\main\resources cache by regenerate.
[2026-04-14T19:09:53.327] [DEBUG] debug-file - Update task entry:default@CompileResource input file:D:\code\LED-master\4_AI\4_Complete\AppScope\resources cache by regenerate.
[2026-04-14T19:09:53.328] [DEBUG] debug-file - Update task entry:default@CompileResource input file:D:\code\LED-master\4_AI\4_Complete\entry\build\default\intermediates\process_profile\default\module.json cache by regenerate.
[2026-04-14T19:09:53.328] [DEBUG] debug-file - Update task entry:default@CompileResource input file:D:\code\LED-master\4_AI\4_Complete\entry\build\default\intermediates\router_map\default\route_map.json cache by regenerate.
[2026-04-14T19:09:53.329] [DEBUG] debug-file - Update task entry:default@CompileResource input file:D:\code\LED-master\4_AI\4_Complete\entry\build\default\intermediates\res\default\resConfig.json cache by regenerate.
[2026-04-14T19:09:53.329] [DEBUG] debug-file - Update task entry:default@CompileResource output file:D:\code\LED-master\4_AI\4_Complete\entry\build\default\intermediates\res\default cache.
[2026-04-14T19:09:53.332] [DEBUG] debug-file - Update task entry:default@CompileResource output file:D:\code\LED-master\4_AI\4_Complete\entry\build\default\generated\r\default\ResourceTable.h cache.
[2026-04-14T19:09:53.332] [DEBUG] debug-file - Update task entry:default@CompileResource output file:D:\code\LED-master\4_AI\4_Complete\entry\build\default\generated\r\default cache.
[2026-04-14T19:09:53.332] [DEBUG] debug-file - Incremental task entry:default@CompileResource post-execution cost:8 ms .
[2026-04-14T19:09:53.333] [DEBUG] debug-file - Update task entry:default@DoNativeStrip input file:D:\code\LED-master\4_AI\4_Complete\entry\build\default\intermediates\libs\default cache by regenerate.
[2026-04-14T19:09:53.333] [DEBUG] debug-file - Update task entry:default@DoNativeStrip output file:D:\code\LED-master\4_AI\4_Complete\entry\build\default\intermediates\stripped_native_libs\default cache.
[2026-04-14T19:09:53.333] [DEBUG] debug-file - Incremental task entry:default@DoNativeStrip post-execution cost:1 ms .
[2026-04-14T19:09:53.334] [DEBUG] debug-file - Update task entry:default@CompileArkTS input file:D:\code\LED-master\4_AI\4_Complete\entry\build\default\intermediates\loader\default cache by regenerate.
[2026-04-14T19:09:53.334] [DEBUG] debug-file - Update task entry:default@CompileArkTS input file:D:\code\LED-master\4_AI\4_Complete\entry\build\default\intermediates\res\default\ResourceTable.txt cache by regenerate.
[2026-04-14T19:09:53.334] [DEBUG] debug-file - Update task entry:default@CompileArkTS input file:D:\code\LED-master\4_AI\4_Complete\entry\build\default\intermediates\res\default\ark_module.json cache by regenerate.
[2026-04-14T19:09:53.335] [DEBUG] debug-file - Update task entry:default@CompileArkTS input file:D:\code\LED-master\4_AI\4_Complete\entry\build\default\intermediates\res\default\resources\base\profile cache by regenerate.
[2026-04-14T19:09:53.335] [DEBUG] debug-file - Update task entry:default@CompileArkTS input file:D:\code\LED-master\4_AI\4_Complete\entry\src\main\ets cache by regenerate.
[2026-04-14T19:09:53.337] [DEBUG] debug-file - Update task entry:default@CompileArkTS input file:D:\code\LED-master\4_AI\4_Complete\entry\build\default\intermediates\loader\default\pkgContextInfo.json cache by regenerate.
[2026-04-14T19:09:53.337] [DEBUG] debug-file - Update task entry:default@CompileArkTS input file:D:\code\LED-master\4_AI\4_Complete\entry\build\default\generated\profile\default\BuildProfile.ets cache by regenerate.
[2026-04-14T19:09:53.337] [DEBUG] debug-file - Update task entry:default@CompileArkTS output file:D:\code\LED-master\4_AI\4_Complete\entry\build\default\intermediates\loader_out\default\ets cache.
[2026-04-14T19:09:53.337] [DEBUG] debug-file - Incremental task entry:default@CompileArkTS post-execution cost:5 ms .
[2026-04-14T19:09:53.338] [DEBUG] debug-file - Update task entry:default@BuildJS input file:D:\code\LED-master\4_AI\4_Complete\entry\build\default\intermediates\loader\default cache by regenerate.
[2026-04-14T19:09:53.338] [DEBUG] debug-file - Update task entry:default@BuildJS input file:D:\code\LED-master\4_AI\4_Complete\entry\build\default\intermediates\res\default\ResourceTable.txt cache by regenerate.
[2026-04-14T19:09:53.339] [DEBUG] debug-file - Update task entry:default@BuildJS input file:D:\code\LED-master\4_AI\4_Complete\entry\build\default\intermediates\res\default\ark_module.json cache by regenerate.
[2026-04-14T19:09:53.339] [DEBUG] debug-file - Update task entry:default@BuildJS input file:D:\code\LED-master\4_AI\4_Complete\entry\build\default\intermediates\res\default\resources\base\profile cache by regenerate.
[2026-04-14T19:09:53.339] [DEBUG] debug-file - Update task entry:default@BuildJS input file:D:\code\LED-master\4_AI\4_Complete\entry\build\default\intermediates\loader\default\pkgContextInfo.json cache by regenerate.
[2026-04-14T19:09:53.340] [DEBUG] debug-file - Update task entry:default@BuildJS output file:D:\code\LED-master\4_AI\4_Complete\entry\build\default\intermediates\loader_out\default\js cache.
[2026-04-14T19:09:53.340] [DEBUG] debug-file - Incremental task entry:default@BuildJS post-execution cost:3 ms .
[2026-04-14T19:09:53.340] [DEBUG] debug-file - Update task entry:default@CacheNativeLibs input file:D:\code\LED-master\4_AI\4_Complete\entry\build\default\intermediates\stripped_native_libs\default cache by regenerate.
[2026-04-14T19:09:53.340] [DEBUG] debug-file - Update task entry:default@CacheNativeLibs input file:D:\code\LED-master\4_AI\4_Complete\entry\build\default\intermediates\libs\default cache by regenerate.
[2026-04-14T19:09:53.340] [DEBUG] debug-file - Update task entry:default@CacheNativeLibs output file:D:\code\LED-master\4_AI\4_Complete\entry\build\default\intermediates\patch\default\base_native_libs.json cache.
[2026-04-14T19:09:53.341] [DEBUG] debug-file - Incremental task entry:default@CacheNativeLibs post-execution cost:1 ms .
[2026-04-14T19:09:53.341] [DEBUG] debug-file - Update task entry:default@GeneratePkgModuleJson input file:D:\code\LED-master\4_AI\4_Complete\entry\build\default\intermediates\res\default\module.json cache by regenerate.
[2026-04-14T19:09:53.341] [DEBUG] debug-file - Update task entry:default@GeneratePkgModuleJson output file:D:\code\LED-master\4_AI\4_Complete\entry\build\default\intermediates\package\default\module.json cache.
[2026-04-14T19:09:53.341] [DEBUG] debug-file - Incremental task entry:default@GeneratePkgModuleJson post-execution cost:1 ms .
[2026-04-14T19:09:53.341] [DEBUG] debug-file - Incremental task entry:default@ProcessCompiledResources post-execution cost:1 ms .
[2026-04-14T19:09:53.341] [DEBUG] debug-file - Update task entry:default@PackageHap input file:D:\code\LED-master\4_AI\4_Complete\entry\build\default\intermediates\stripped_native_libs\default cache by regenerate.
[2026-04-14T19:09:53.342] [DEBUG] debug-file - Update task entry:default@PackageHap input file:D:\code\LED-master\4_AI\4_Complete\entry\build\default\intermediates\res\default\module.json cache by regenerate.
[2026-04-14T19:09:53.342] [DEBUG] debug-file - Update task entry:default@PackageHap input file:D:\code\LED-master\4_AI\4_Complete\entry\build\default\intermediates\res\default\resources cache by regenerate.
[2026-04-14T19:09:53.343] [DEBUG] debug-file - Update task entry:default@PackageHap input file:D:\code\LED-master\4_AI\4_Complete\entry\build\default\intermediates\res\default\resources.index cache by regenerate.
[2026-04-14T19:09:53.343] [DEBUG] debug-file - Update task entry:default@PackageHap input file:D:\code\LED-master\4_AI\4_Complete\entry\build\default\outputs\default\pack.info cache by regenerate.
[2026-04-14T19:09:53.344] [DEBUG] debug-file - Update task entry:default@PackageHap input file:D:\code\LED-master\4_AI\4_Complete\entry\build\default\intermediates\loader_out\default\ets cache by regenerate.
[2026-04-14T19:09:53.344] [DEBUG] debug-file - Update task entry:default@PackageHap input file:D:\code\LED-master\4_AI\4_Complete\entry\build\default\intermediates\loader\default\pkgContextInfo.json cache by regenerate.
[2026-04-14T19:09:53.344] [DEBUG] debug-file - Update task entry:default@PackageHap input file:D:\code\LED-master\4_AI\4_Complete\entry\build\default\intermediates\loader_out\default\ets\sourceMaps.map cache by regenerate.
[2026-04-14T19:09:53.345] [DEBUG] debug-file - Update task entry:default@PackageHap input file:D:\code\LED-master\4_AI\4_Complete\entry\build\default\generated\profile\default\BuildProfile.ets cache by regenerate.
[2026-04-14T19:09:53.345] [DEBUG] debug-file - Update task entry:default@PackageHap output file:D:\code\LED-master\4_AI\4_Complete\entry\build\default\outputs\default\entry-default-unsigned.hap cache.
[2026-04-14T19:09:53.345] [DEBUG] debug-file - Update task entry:default@PackageHap output file:D:\code\LED-master\4_AI\4_Complete\entry\build\default\intermediates\source_map\default\sourceMaps.map cache.
[2026-04-14T19:09:53.345] [DEBUG] debug-file - Update task entry:default@PackageHap output file:D:\code\LED-master\4_AI\4_Complete\entry\build\default\outputs\default\mapping\sourceMaps.map cache.
[2026-04-14T19:09:53.345] [DEBUG] debug-file - Incremental task entry:default@PackageHap post-execution cost:5 ms .
[2026-04-14T19:09:53.346] [DEBUG] debug-file - Update task entry:default@SignHap input file:D:\code\LED-master\4_AI\4_Complete\entry\build\default\outputs\default\entry-default-unsigned.hap cache by regenerate.
[2026-04-14T19:09:53.346] [DEBUG] debug-file - Update task entry:default@SignHap output file:D:\code\LED-master\4_AI\4_Complete\entry\build\default\outputs\default\entry-default-signed.hap cache.
[2026-04-14T19:09:53.346] [DEBUG] debug-file - Incremental task entry:default@SignHap post-execution cost:1 ms .
[2026-04-14T19:09:53.346] [DEBUG] debug-file - Update task entry:default@CollectDebugSymbol input file:D:\code\LED-master\4_AI\4_Complete\entry\build\default\intermediates\loader_out\default\ets\sourceMaps.map cache by regenerate.
[2026-04-14T19:09:53.346] [DEBUG] debug-file - Update task entry:default@CollectDebugSymbol input file:D:\code\LED-master\4_AI\4_Complete\entry\build\default\intermediates\libs\default cache by regenerate.
[2026-04-14T19:09:53.347] [DEBUG] debug-file - Update task entry:default@CollectDebugSymbol output file:D:\code\LED-master\4_AI\4_Complete\entry\build\default\outputs\default\symbol cache.
[2026-04-14T19:09:53.347] [DEBUG] debug-file - Incremental task entry:default@CollectDebugSymbol post-execution cost:1 ms .
[2026-04-14T19:09:53.364] [DEBUG] debug-file - Cleanup worker 0.
[2026-04-14T19:09:53.364] [DEBUG] debug-file - Worker 0 has been cleaned up.
[2026-04-14T19:09:53.364] [DEBUG] debug-file - Current idle worker size: 3.
[2026-04-14T19:09:53.364] [DEBUG] debug-file - Current resident worker size: 4.
[2026-04-14T19:09:53.364] [DEBUG] debug-file - Cleanup worker 1.
[2026-04-14T19:09:53.364] [DEBUG] debug-file - Worker 1 has been cleaned up.
[2026-04-14T19:09:53.364] [DEBUG] debug-file - Current idle worker size: 2.
[2026-04-14T19:09:53.364] [DEBUG] debug-file - Current resident worker size: 4.
[2026-04-14T19:09:53.364] [DEBUG] debug-file - Cleanup worker 30.
[2026-04-14T19:09:53.364] [DEBUG] debug-file - Worker 30 has been cleaned up.
[2026-04-14T19:09:53.364] [DEBUG] debug-file - Current idle worker size: 1.
[2026-04-14T19:09:53.365] [DEBUG] debug-file - Current resident worker size: 4.
[2026-04-14T19:09:53.365] [DEBUG] debug-file - hvigor build process will be closed.
[2026-04-14T19:09:53.368] [DEBUG] debug-file - session manager: send message to worker process.
[2026-04-14T19:09:53.368] [DEBUG] debug-file - session manager: send message to worker process.
[2026-04-14T19:09:53.366] [DEBUG] debug-file - java daemon socket close code:1000 reason:close by user
[2026-04-14T19:09:53.368] [DEBUG] debug-file - watch worker: worker id should be larger than 0. Nothing will be sent to any worker thread.
[2026-04-14T19:09:53.368] [DEBUG] debug-file - watch worker: worker id should be larger than 0. Nothing will be sent to any worker thread.
[2026-04-14T19:09:53.369] [DEBUG] debug-file - worker[0] exits with exit code 1.
[2026-04-14T19:09:53.369] [DEBUG] debug-file - worker[1] exits with exit code 1.
[2026-04-14T19:09:53.372] [DEBUG] debug-file - worker[30] exits with exit code 1.
